Archive member included to satisfy reference by file (symbol)

C:\MyDocuments\Code\EclipseCPP/corelib\libUnoCore.a(wiring.c.o)
                              ./src/lib/LEDMatrix/LEDMatrix.o (timer0_millis)
C:\MyDocuments\Code\EclipseCPP/corelib\libUnoCore.a(wiring_digital.c.o)
                              ./src/lib/LiquidCrystal.o (pinMode)
C:\MyDocuments\Code\EclipseCPP/corelib\libUnoCore.a(HardwareSerial.cpp.o)
                              ./src/example.o (_ZN14HardwareSerial9availableEv)
C:\MyDocuments\Code\EclipseCPP/corelib\libUnoCore.a(HardwareSerial0.cpp.o)
                              ./src/lib/LEDMatrix/LEDMatrix.o (Serial)
C:\MyDocuments\Code\EclipseCPP/corelib\libUnoCore.a(Print.cpp.o)
                              ./src/lib/LiquidCrystal.o (_ZN5Print5writeEPKhj)
C:\MyDocuments\Code\EclipseCPP/corelib\libUnoCore.a(abi.cpp.o)
                              ./src/lib/LEDMatrix/LEDMatrix.o (__cxa_pure_virtual)
C:\MyDocuments\Code\EclipseCPP/corelib\libUnoCore.a(main.cpp.o)
                              c:/arduino/hardware/tools/avr/bin/../lib/gcc/avr/4.9.2/../../../../avr/lib/avr5/crtatmega328p.o (main)
C:\MyDocuments\Code\EclipseCPP/corelib\libUnoCore.a(new.cpp.o)
                              ./src/lib/LEDMatrix/LEDMatrix.o (_ZdlPv)
c:/arduino/hardware/tools/avr/bin/../lib/gcc/avr/4.9.2/avr5\libgcc.a(_mulsi3.o)
                              ./src/lib/FastLED/FastLED.o (__mulsi3)
c:/arduino/hardware/tools/avr/bin/../lib/gcc/avr/4.9.2/avr5\libgcc.a(_udivmodhi4.o)
                              ./src/lib/FastLED/colorutils.o (__udivmodhi4)
c:/arduino/hardware/tools/avr/bin/../lib/gcc/avr/4.9.2/avr5\libgcc.a(_divmodhi4.o)
                              ./src/lib/LEDMatrix/LEDMatrix.o (__divmodhi4)
c:/arduino/hardware/tools/avr/bin/../lib/gcc/avr/4.9.2/avr5\libgcc.a(_udivmodsi4.o)
                              ./src/lib/FastLED/FastLED.o (__udivmodsi4)
c:/arduino/hardware/tools/avr/bin/../lib/gcc/avr/4.9.2/avr5\libgcc.a(_divmodsi4.o)
                              ./src/lib/FastLED/FastLED.o (__divmodsi4)
c:/arduino/hardware/tools/avr/bin/../lib/gcc/avr/4.9.2/avr5\libgcc.a(_negsi2.o)
                              c:/arduino/hardware/tools/avr/bin/../lib/gcc/avr/4.9.2/avr5\libgcc.a(_divmodsi4.o) (__negsi2)
c:/arduino/hardware/tools/avr/bin/../lib/gcc/avr/4.9.2/avr5\libgcc.a(_exit.o)
                              c:/arduino/hardware/tools/avr/bin/../lib/gcc/avr/4.9.2/../../../../avr/lib/avr5/crtatmega328p.o (exit)
c:/arduino/hardware/tools/avr/bin/../lib/gcc/avr/4.9.2/avr5\libgcc.a(_copy_data.o)
                              ./src/lib/LEDMatrix/LEDMatrix.o (__do_copy_data)
c:/arduino/hardware/tools/avr/bin/../lib/gcc/avr/4.9.2/avr5\libgcc.a(_clear_bss.o)
                              ./src/lib/LEDMatrix/LEDMatrix.o (__do_clear_bss)
c:/arduino/hardware/tools/avr/bin/../lib/gcc/avr/4.9.2/avr5\libgcc.a(_ctors.o)
                              ./src/lib/FastLED/FastLED.o (__do_global_ctors)
c:/arduino/hardware/tools/avr/bin/../lib/gcc/avr/4.9.2/avr5\libgcc.a(_dtors.o)
                              ./src/example.o (__do_global_dtors)
c:/arduino/hardware/tools/avr/bin/../lib/gcc/avr/4.9.2/avr5\libgcc.a(_usmulhisi3.o)
                              ./src/lib/LEDMatrix/LEDMatrix.o (__usmulhisi3)
c:/arduino/hardware/tools/avr/bin/../lib/gcc/avr/4.9.2/avr5\libgcc.a(_muluhisi3.o)
                              ./src/lib/FastLED/hsv2rgb.o (__muluhisi3)
c:/arduino/hardware/tools/avr/bin/../lib/gcc/avr/4.9.2/avr5\libgcc.a(_tablejump2.o)
                              c:/arduino/hardware/tools/avr/bin/../lib/gcc/avr/4.9.2/avr5\libgcc.a(_ctors.o) (__tablejump2__)
c:/arduino/hardware/tools/avr/bin/../lib/gcc/avr/4.9.2/avr5\libgcc.a(_umulhisi3.o)
                              c:/arduino/hardware/tools/avr/bin/../lib/gcc/avr/4.9.2/avr5\libgcc.a(_usmulhisi3.o) (__umulhisi3)
c:/arduino/hardware/tools/avr/bin/../lib/gcc/avr/4.9.2/../../../../avr/lib/avr5\libm.a(addsf3.o)
                              ./src/lib/LEDMatrix/LEDMatrix.o (__subsf3)
c:/arduino/hardware/tools/avr/bin/../lib/gcc/avr/4.9.2/../../../../avr/lib/avr5\libm.a(addsf3x.o)
                              c:/arduino/hardware/tools/avr/bin/../lib/gcc/avr/4.9.2/../../../../avr/lib/avr5\libm.a(addsf3.o) (__addsf3x)
c:/arduino/hardware/tools/avr/bin/../lib/gcc/avr/4.9.2/../../../../avr/lib/avr5\libm.a(divsf3.o)
                              ./src/lib/LEDMatrix/LEDMatrix.o (__divsf3)
c:/arduino/hardware/tools/avr/bin/../lib/gcc/avr/4.9.2/../../../../avr/lib/avr5\libm.a(divsf3x.o)
                              c:/arduino/hardware/tools/avr/bin/../lib/gcc/avr/4.9.2/../../../../avr/lib/avr5\libm.a(divsf3.o) (__divsf3x)
c:/arduino/hardware/tools/avr/bin/../lib/gcc/avr/4.9.2/../../../../avr/lib/avr5\libm.a(exp.o)
                              ./src/lib/LEDMatrix/LEDMatrix.o (exp)
c:/arduino/hardware/tools/avr/bin/../lib/gcc/avr/4.9.2/../../../../avr/lib/avr5\libm.a(fixunssfsi.o)
                              ./src/lib/LEDMatrix/LEDMatrix.o (__fixunssfsi)
[...]
Memory Configuration

Name             Origin             Length             Attributes
text             0x00000000         0x00020000         xr
data             0x00800060         0x0000ffa0         rw !x
eeprom           0x00810000         0x00010000         rw !x
fuse             0x00820000         0x00000400         rw !x
lock             0x00830000         0x00000400         rw !x
signature        0x00840000         0x00000400         rw !x
*default*        0x00000000         0xffffffff

Linker script and memory map

Address of section .data set to 0x800100
LOAD c:/arduino/hardware/tools/avr/bin/../lib/gcc/avr/4.9.2/../../../../avr/lib/avr5/crtatmega328p.o
LOAD ./src/lib/LEDMatrix/Animations.o
LOAD ./src/lib/LEDMatrix/LEDMatrix.o
LOAD ./src/lib/FastLED/FastLED.o
LOAD ./src/lib/FastLED/bitswap.o
LOAD ./src/lib/FastLED/colorpalettes.o
LOAD ./src/lib/FastLED/colorutils.o
LOAD ./src/lib/FastLED/hsv2rgb.o
LOAD ./src/lib/FastLED/lib8tion.o
LOAD ./src/lib/FastLED/noise.o
LOAD ./src/lib/FastLED/power_mgt.o
LOAD ./src/lib/FastLED/wiring.o
LOAD ./src/lib/LiquidCrystal.o
LOAD ./src/example.o
LOAD C:\Users\Felix\AppData\Local\Temp\ccqF07qw.ltrans0.ltrans.o
LOAD c:/arduino/hardware/tools/avr/bin/../lib/gcc/avr/4.9.2/avr5\libgcc.a
LOAD c:/arduino/hardware/tools/avr/bin/../lib/gcc/avr/4.9.2/../../../../avr/lib/avr5\libm.a
LOAD c:/arduino/hardware/tools/avr/bin/../lib/gcc/avr/4.9.2/../../../../avr/lib/avr5\libc.a
LOAD c:/arduino/hardware/tools/avr/bin/../lib/gcc/avr/4.9.2/../../../../avr/lib/avr5\libatmega328p.a
LOAD C:\MyDocuments\Code\EclipseCPP/corelib\libUnoCore.a
LOAD c:/arduino/hardware/tools/avr/bin/../lib/gcc/avr/4.9.2/avr5\libgcc.a
LOAD c:/arduino/hardware/tools/avr/bin/../lib/gcc/avr/4.9.2/../../../../avr/lib/avr5\libm.a
START GROUP
LOAD c:/arduino/hardware/tools/avr/bin/../lib/gcc/avr/4.9.2/avr5\libgcc.a
LOAD c:/arduino/hardware/tools/avr/bin/../lib/gcc/avr/4.9.2/../../../../avr/lib/avr5\libm.a
LOAD c:/arduino/hardware/tools/avr/bin/../lib/gcc/avr/4.9.2/../../../../avr/lib/avr5\libc.a
LOAD c:/arduino/hardware/tools/avr/bin/../lib/gcc/avr/4.9.2/../../../../avr/lib/avr5\libatmega328p.a
END GROUP

.hash
 *(.hash)

.dynsym
 *(.dynsym)

.dynstr
 *(.dynstr)

.gnu.version
 *(.gnu.version)

.gnu.version_d
 *(.gnu.version_d)

.gnu.version_r
 *(.gnu.version_r)

.rel.init
 *(.rel.init)

.rela.init
 *(.rela.init)

.rel.text
 *(.rel.text)
 *(.rel.text.*)
 *(.rel.gnu.linkonce.t*)

.rela.text
 *(.rela.text)
 *(.rela.text.*)
 *(.rela.gnu.linkonce.t*)

.rel.fini
 *(.rel.fini)

.rela.fini
 *(.rela.fini)

.rel.rodata
 *(.rel.rodata)
 *(.rel.rodata.*)
 *(.rel.gnu.linkonce.r*)

.rela.rodata
 *(.rela.rodata)
 *(.rela.rodata.*)
 *(.rela.gnu.linkonce.r*)

.rel.data
 *(.rel.data)
 *(.rel.data.*)
 *(.rel.gnu.linkonce.d*)

.rela.data
 *(.rela.data)
 *(.rela.data.*)
 *(.rela.gnu.linkonce.d*)

.rel.ctors
 *(.rel.ctors)

.rela.ctors
 *(.rela.ctors)

.rel.dtors
 *(.rel.dtors)

.rela.dtors
 *(.rela.dtors)

.rel.got
 *(.rel.got)

.rela.got
 *(.rela.got)

.rel.bss
 *(.rel.bss)

.rela.bss
 *(.rela.bss)

.rel.plt
 *(.rel.plt)

.rela.plt
 *(.rela.plt)

.text           0x00000000     0x39a4
 *(.vectors)
 .vectors       0x00000000       0x68 c:/arduino/hardware/tools/avr/bin/../lib/gcc/avr/4.9.2/../../../../avr/lib/avr5/crtatmega328p.o
                0x00000000                __vector_default
                0x00000000                __vectors
 *(.vectors)
 *(.progmem.gcc*)
 .progmem.gcc_fplib
                0x00000068       0x28 c:/arduino/hardware/tools/avr/bin/../lib/gcc/avr/4.9.2/../../../../avr/lib/avr5\libm.a(exp.o)
 .progmem.gcc_fplib
                0x00000090       0x5a c:/arduino/hardware/tools/avr/bin/../lib/gcc/avr/4.9.2/../../../../avr/lib/avr5\libm.a(log.o)
                0x000000ea                . = ALIGN (0x2)
                0x000000ea                __trampolines_start = .
 *(.trampolines)
 .trampolines   0x000000ea        0x0 linker stubs
 *(.trampolines*)
                0x000000ea                __trampolines_end = .
 *(.progmem*)
 .progmem.data  0x000000ea       0x5a C:\Users\Felix\AppData\Local\Temp\ccqF07qw.ltrans0.ltrans.o
                0x000000f4                port_to_output_PGM
                0x000000fe                port_to_input_PGM
                0x00000108                digital_pin_to_port_PGM
                0x0000011c                digital_pin_to_bit_mask_PGM
                0x00000144                . = ALIGN (0x2)
 *(.jumptables)
 *(.jumptables*)
 *(.lowtext)
 *(.lowtext*)
                0x00000144                __ctors_start = .
 *(.ctors)
 .ctors         0x00000144        0x2 ./src/lib/FastLED/FastLED.o
 .ctors         0x00000146        0x2 ./src/example.o
 .ctors         0x00000148        0x2 C:\Users\Felix\AppData\Local\Temp\ccqF07qw.ltrans0.ltrans.o
                0x0000014a                __ctors_end = .
                0x0000014a                __dtors_start = .
 *(.dtors)
 .dtors         0x0000014a        0x2 ./src/example.o
                0x0000014c                __dtors_end = .
 SORT(*)(.ctors)
 SORT(*)(.dtors)
 *(.init0)
 .init0         0x0000014c        0x0 c:/arduino/hardware/tools/avr/bin/../lib/gcc/avr/4.9.2/../../../../avr/lib/avr5/crtatmega328p.o
                0x0000014c                __init
 *(.init0)
 *(.init1)
 *(.init1)
 *(.init2)
 .init2         0x0000014c        0xc c:/arduino/hardware/tools/avr/bin/../lib/gcc/avr/4.9.2/../../../../avr/lib/avr5/crtatmega328p.o
 *(.init2)
 *(.init3)
 *(.init3)
 *(.init4)
 .init4         0x00000158       0x16 c:/arduino/hardware/tools/avr/bin/../lib/gcc/avr/4.9.2/avr5\libgcc.a(_copy_data.o)
                0x00000158                __do_copy_data
 .init4         0x0000016e       0x10 c:/arduino/hardware/tools/avr/bin/../lib/gcc/avr/4.9.2/avr5\libgcc.a(_clear_bss.o)
                0x0000016e                __do_clear_bss
 *(.init4)
 *(.init5)
 *(.init5)
 *(.init6)
 .init6         0x0000017e       0x16 c:/arduino/hardware/tools/avr/bin/../lib/gcc/avr/4.9.2/avr5\libgcc.a(_ctors.o)
                0x0000017e                __do_global_ctors
 *(.init6)
 *(.init7)
 *(.init7)
 *(.init8)
 *(.init8)
 *(.init9)
 .init9         0x00000194        0x8 c:/arduino/hardware/tools/avr/bin/../lib/gcc/avr/4.9.2/../../../../avr/lib/avr5/crtatmega328p.o
 *(.init9)
 *(.text)
 .text          0x0000019c        0x2 c:/arduino/hardware/tools/avr/bin/../lib/gcc/avr/4.9.2/../../../../avr/lib/avr5/crtatmega328p.o
                0x0000019c                __vector_22
                0x0000019c                __vector_1
                0x0000019c                __vector_24
                0x0000019c                __vector_12
                0x0000019c                __bad_interrupt
                0x0000019c                __vector_6
                0x0000019c                __vector_3
                0x0000019c                __vector_23
                0x0000019c                __vector_25
                0x0000019c                __vector_11
                0x0000019c                __vector_13
                0x0000019c                __vector_17
                0x0000019c                __vector_7
                0x0000019c                __vector_5
                0x0000019c                __vector_4
                0x0000019c                __vector_9
                0x0000019c                __vector_2
                0x0000019c                __vector_21
                0x0000019c                __vector_15
                0x0000019c                __vector_8
                0x0000019c                __vector_14
                0x0000019c                __vector_10
                0x0000019c                __vector_20
 .text          0x0000019e     0x1528 C:\Users\Felix\AppData\Local\Temp\ccqF07qw.ltrans0.ltrans.o
                0x0000019e                __vector_16
                0x0000029a                millis
                0x000002ea                micros
                0x00000392                delay
                0x0000045c                delayMicroseconds
                0x00000546                pinMode
                0x00000722                digitalWrite
                0x000008f8                _ZN14HardwareSerial5beginEmh
                0x00000a50                _ZN14HardwareSerial9availableEv
                0x00000ae2                _ZN14HardwareSerial4readEv
                0x00000e46                __vector_18
                0x00000ea0                __vector_19
                0x000010d2                _ZN5Print5writeEPKhj
                0x0000116a                _ZN5Print5printEPKc
                0x000011d2                _ZN5Print5printEhi
                0x00001214                _ZN5Print5printEii
                0x0000125c                _ZN5Print5printEji
                0x000013e2                _ZN5Print7printlnEPKc
                0x00001432                _ZN5Print7printlnEhi
                0x00001656                __cxa_pure_virtual
                0x0000168c                main
                0x000016a6                _ZdlPv
                0x000016c6                . = ALIGN (0x2)
 *(.text.*)
 .text._Z10blink_animR9LEDMatrixiihhhhhh
                0x000016c6       0x9e ./src/lib/LEDMatrix/Animations.o
                0x000016c6                _Z10blink_animR9LEDMatrixiihhhhhh
 .text._ZN14CLEDController4sizeEv
                0x00001764        0x8 ./src/lib/LEDMatrix/LEDMatrix.o
                0x00001764                _ZN14CLEDController4sizeEv
 .text._ZN14CLEDController9clearLedsEi
                0x0000176c       0x48 ./src/lib/LEDMatrix/LEDMatrix.o
                0x0000176c                _ZN14CLEDController9clearLedsEi
 .text._ZNK19ClocklessControllerILh10ELi4ELi10ELi6EL6EOrder66ELi0ELb0ELi10EE17getMaxRefreshRateEv
                0x000017b4        0x6 ./src/lib/LEDMatrix/LEDMatrix.o
                0x000017b4                _ZNK19ClocklessControllerILh10ELi4ELi10ELi6EL6EOrder66ELi0ELb0ELi10EE17getMaxRefreshRateEv
 .text._ZN19ClocklessControllerILh10ELi4ELi10ELi6EL6EOrder66ELi0ELb0ELi10EE4initEv
                0x000017ba        0x4 ./src/lib/LEDMatrix/LEDMatrix.o
                0x000017ba                _ZN19ClocklessControllerILh10ELi4ELi10ELi6EL6EOrder66ELi0ELb0ELi10EE4initEv
 .text._ZN9LEDMatrixD2Ev
                0x000017be       0x22 ./src/lib/LEDMatrix/LEDMatrix.o
                0x000017be                _ZN9LEDMatrixD2Ev
                0x000017be                _ZN9LEDMatrixD1Ev
 .text._ZN9LEDMatrixD0Ev
                0x000017e0       0x10 ./src/lib/LEDMatrix/LEDMatrix.o
                0x000017e0                _ZN9LEDMatrixD0Ev
 .text._ZN9LEDMatrixC2Ev
                0x000017f0       0x20 ./src/lib/LEDMatrix/LEDMatrix.o
                0x000017f0                _ZN9LEDMatrixC2Ev
                0x000017f0                _ZN9LEDMatrixC1Ev
 .text._ZN9LEDMatrix9map_snakeEjj
                0x00001810       0x5a ./src/lib/LEDMatrix/LEDMatrix.o
                0x00001810                _ZN9LEDMatrix9map_snakeEjj
 .text._ZN9LEDMatrix7set_ledEjjhhh
                0x0000186a       0x48 ./src/lib/LEDMatrix/LEDMatrix.o
                0x0000186a                _ZN9LEDMatrix7set_ledEjjhhh
 .text._ZN9LEDMatrix4flipEv
                0x000018b2        0xa ./src/lib/LEDMatrix/LEDMatrix.o
                0x000018b2                _ZN9LEDMatrix4flipEv
 .text._ZN9LEDMatrix7set_allEhhh
                0x000018bc       0x3e ./src/lib/LEDMatrix/LEDMatrix.o
                0x000018bc                _ZN9LEDMatrix7set_allEhhh
 .text._ZN9LEDMatrixC2Ejjb
                0x000018fa      0x172 ./src/lib/LEDMatrix/LEDMatrix.o
                0x000018fa                _ZN9LEDMatrixC1Ejjb
                0x000018fa                _ZN9LEDMatrixC2Ejjb
 .text._ZN9LEDMatrix14log_backgroundEhh
                0x00001a6c      0x232 ./src/lib/LEDMatrix/LEDMatrix.o
                0x00001a6c                _ZN9LEDMatrix14log_backgroundEhh
 .text._ZN9LEDMatrix15draw_backgroundEv
                0x00001c9e       0x1c ./src/lib/LEDMatrix/LEDMatrix.o
                0x00001c9e                _ZN9LEDMatrix15draw_backgroundEv
 .text._ZN19ClocklessControllerILh10ELi4ELi10ELi6EL6EOrder66ELi0ELb0ELi10EE15showRGBInternalER15PixelControllerILS0_66ELi1ELm4294967295EE
                0x00001cba      0x3c8 ./src/lib/LEDMatrix/LEDMatrix.o
                0x00001cba                _ZN19ClocklessControllerILh10ELi4ELi10ELi6EL6EOrder66ELi0ELb0ELi10EE15showRGBInternalER15PixelControllerILS0_66ELi1ELm4294967295EE
 .text._ZN19ClocklessControllerILh10ELi4ELi10ELi6EL6EOrder66ELi0ELb0ELi10EE10showPixelsER15PixelControllerILS0_66ELi1ELm4294967295EE
                0x00002082       0xf4 ./src/lib/LEDMatrix/LEDMatrix.o
                0x00002082                _ZN19ClocklessControllerILh10ELi4ELi10ELi6EL6EOrder66ELi0ELb0ELi10EE10showPixelsER15PixelControllerILS0_66ELi1ELm4294967295EE
 .text._ZN15PixelControllerIL6EOrder66ELi1ELm4294967295EE11initOffsetsEi
                0x00002176        0x8 ./src/lib/LEDMatrix/LEDMatrix.o
                0x00002176                _ZN15PixelControllerIL6EOrder66ELi1ELm4294967295EE11initOffsetsEi
 .text._ZN15PixelControllerIL6EOrder66ELi1ELm4294967295EE21init_binary_ditheringEv
                0x0000217e       0x98 ./src/lib/LEDMatrix/LEDMatrix.o
                0x0000217e                _ZN15PixelControllerIL6EOrder66ELi1ELm4294967295EE21init_binary_ditheringEv
 .text._ZN19CPixelLEDControllerIL6EOrder66ELi1ELm4294967295EE9showColorERK4CRGBiS2_
                0x00002216       0x92 ./src/lib/LEDMatrix/LEDMatrix.o
                0x00002216                _ZN19CPixelLEDControllerIL6EOrder66ELi1ELm4294967295EE9showColorERK4CRGBiS2_
 .text._ZN19CPixelLEDControllerIL6EOrder66ELi1ELm4294967295EE4showEPK4CRGBiS2_
                0x000022a8       0x94 ./src/lib/LEDMatrix/LEDMatrix.o
                0x000022a8                _ZN19CPixelLEDControllerIL6EOrder66ELi1ELm4294967295EE4showEPK4CRGBiS2_
 .text._ZN14CLEDController13getAdjustmentEh
                0x0000233c       0xb2 ./src/lib/FastLED/FastLED.o
                0x0000233c                _ZN14CLEDController13getAdjustmentEh
 .text._ZN8CFastLED7addLedsEP14CLEDControllerP4CRGBii
                0x000023ee       0xb8 ./src/lib/FastLED/FastLED.o
                0x000023ee                _ZN8CFastLED7addLedsEP14CLEDControllerP4CRGBii
 .text._ZN8CFastLED8countFPSEi
                0x000024a6       0xa8 ./src/lib/FastLED/FastLED.o
                0x000024a6                _ZN8CFastLED8countFPSEi
 .text._ZN8CFastLED4showEh
                0x0000254e      0x120 ./src/lib/FastLED/FastLED.o
                0x0000254e                _ZN8CFastLED4showEh
 .text.yield    0x0000266e        0x2 ./src/lib/FastLED/FastLED.o
                0x0000266e                yield
 .text.startup._GLOBAL__sub_I_pSmartMatrix
                0x00002670       0x20 ./src/lib/FastLED/FastLED.o
 .text._ZN13LiquidCrystal11pulseEnableEv
                0x00002690       0x3a ./src/lib/LiquidCrystal.o
                0x00002690                _ZN13LiquidCrystal11pulseEnableEv
 .text._ZN13LiquidCrystal10write4bitsEh
                0x000026ca       0x58 ./src/lib/LiquidCrystal.o
                0x000026ca                _ZN13LiquidCrystal10write4bitsEh
 .text._ZN13LiquidCrystal10write8bitsEh
                0x00002722       0x58 ./src/lib/LiquidCrystal.o
                0x00002722                _ZN13LiquidCrystal10write8bitsEh
 .text._ZN13LiquidCrystal4sendEhh
                0x0000277a       0x4c ./src/lib/LiquidCrystal.o
                0x0000277a                _ZN13LiquidCrystal4sendEhh
 .text._ZN13LiquidCrystal7commandEh
                0x000027c6        0x4 ./src/lib/LiquidCrystal.o
                0x000027c6                _ZN13LiquidCrystal7commandEh
 .text._ZN13LiquidCrystal5clearEv
                0x000027ca        0xc ./src/lib/LiquidCrystal.o
                0x000027ca                _ZN13LiquidCrystal5clearEv
 .text._ZN13LiquidCrystal9setCursorEhh
                0x000027d6       0x24 ./src/lib/LiquidCrystal.o
                0x000027d6                _ZN13LiquidCrystal9setCursorEhh
 .text._ZN13LiquidCrystal7displayEv
                0x000027fa        0xe ./src/lib/LiquidCrystal.o
                0x000027fa                _ZN13LiquidCrystal7displayEv
 .text._ZN13LiquidCrystal5beginEhhh
                0x00002808      0x134 ./src/lib/LiquidCrystal.o
                0x00002808                _ZN13LiquidCrystal5beginEhhh
 .text._ZN13LiquidCrystalC2Ehhhhhh
                0x0000293c       0x3e ./src/lib/LiquidCrystal.o
                0x0000293c                _ZN13LiquidCrystalC1Ehhhhhh
                0x0000293c                _ZN13LiquidCrystalC2Ehhhhhh
 .text._ZN13LiquidCrystal5writeEh
                0x0000297a        0xa ./src/lib/LiquidCrystal.o
                0x0000297a                _ZN13LiquidCrystal5writeEh
 .text._Z9new_applev
                0x00002984       0xae ./src/example.o
                0x00002984                _Z9new_applev
 .text._Z10draw_scorev
                0x00002a32       0x5a ./src/example.o
                0x00002a32                _Z10draw_scorev
 .text._Z5resetv
                0x00002a8c       0x30 ./src/example.o
                0x00002a8c                _Z5resetv
 .text._Z17update_hightscorev
                0x00002abc       0xde ./src/example.o
                0x00002abc                _Z17update_hightscorev
 .text._Z9game_overv
                0x00002b9a       0x34 ./src/example.o
                0x00002b9a                _Z9game_overv
 .text._Z10draw_snakev
                0x00002bce       0x74 ./src/example.o
                0x00002bce                _Z10draw_snakev
 .text._Z9draw_goalv
                0x00002c42       0x24 ./src/example.o
                0x00002c42                _Z9draw_goalv
 .text._Z4drawv
                0x00002c66       0x12 ./src/example.o
                0x00002c66                _Z4drawv
 .text.startup._GLOBAL__sub_I_lcd
                0x00002c78       0x2a ./src/example.o
 .text._Z12handle_inputv
                0x00002ca2       0x78 ./src/example.o
                0x00002ca2                _Z12handle_inputv
 .text._Z8my_delayj
                0x00002d1a       0x46 ./src/example.o
                0x00002d1a                _Z8my_delayj
 .text.loop     0x00002d60      0x142 ./src/example.o
                0x00002d60                loop
 .text.setup    0x00002ea2       0x9a ./src/example.o
                0x00002ea2                setup
 .text.exit._GLOBAL__sub_D_lcd
                0x00002f3c        0x8 ./src/example.o
 .text.avr-libc
                0x00002f44        0x8 c:/arduino/hardware/tools/avr/bin/../lib/gcc/avr/4.9.2/../../../../avr/lib/avr5\libc.a(abort.o)
                0x00002f44                abort
 .text.avr-libc
                0x00002f4c       0x12 c:/arduino/hardware/tools/avr/bin/../lib/gcc/avr/4.9.2/../../../../avr/lib/avr5\libc.a(strlen.o)
                0x00002f4c                strlen
 .text.libgcc.mul
                0x00002f5e       0x1e c:/arduino/hardware/tools/avr/bin/../lib/gcc/avr/4.9.2/avr5\libgcc.a(_mulsi3.o)
                0x00002f5e                __mulsi3
 .text.libgcc.div
                0x00002f7c       0x28 c:/arduino/hardware/tools/avr/bin/../lib/gcc/avr/4.9.2/avr5\libgcc.a(_udivmodhi4.o)
                0x00002f7c                __udivmodhi4
 .text.libgcc.div
                0x00002fa4       0x26 c:/arduino/hardware/tools/avr/bin/../lib/gcc/avr/4.9.2/avr5\libgcc.a(_divmodhi4.o)
                0x00002fa4                _div
                0x00002fa4                __divmodhi4
 .text.libgcc.div
                0x00002fca       0x44 c:/arduino/hardware/tools/avr/bin/../lib/gcc/avr/4.9.2/avr5\libgcc.a(_udivmodsi4.o)
                0x00002fca                __udivmodsi4
 .text.libgcc.div
                0x0000300e       0x28 c:/arduino/hardware/tools/avr/bin/../lib/gcc/avr/4.9.2/avr5\libgcc.a(_divmodsi4.o)
                0x0000300e                __divmodsi4
 .text.libgcc.div
                0x00003036       0x10 c:/arduino/hardware/tools/avr/bin/../lib/gcc/avr/4.9.2/avr5\libgcc.a(_negsi2.o)
                0x00003036                __negsi2
 .text.libgcc.mul
                0x00003046        0xc c:/arduino/hardware/tools/avr/bin/../lib/gcc/avr/4.9.2/avr5\libgcc.a(_usmulhisi3.o)
                0x00003046                __usmulhisi3
                0x00003048                __usmulhisi3_tail
 .text.libgcc.mul
                0x00003052       0x14 c:/arduino/hardware/tools/avr/bin/../lib/gcc/avr/4.9.2/avr5\libgcc.a(_muluhisi3.o)
                0x00003052                __muluhisi3
 .text.libgcc   0x00003066        0xc c:/arduino/hardware/tools/avr/bin/../lib/gcc/avr/4.9.2/avr5\libgcc.a(_tablejump2.o)
                0x00003066                __tablejump2__
 .text.libgcc.mul
                0x00003072       0x1e c:/arduino/hardware/tools/avr/bin/../lib/gcc/avr/4.9.2/avr5\libgcc.a(_umulhisi3.o)
                0x00003072                __umulhisi3
 .text.avr-libc.fplib
                0x00003090        0xa c:/arduino/hardware/tools/avr/bin/../lib/gcc/avr/4.9.2/../../../../avr/lib/avr5\libm.a(addsf3.o)
                0x00003090                __subsf3
                0x00003092                __addsf3
 .text.avr-libc.fplib
                0x0000309a       0xc0 c:/arduino/hardware/tools/avr/bin/../lib/gcc/avr/4.9.2/../../../../avr/lib/avr5\libm.a(addsf3x.o)
                0x000030b4                __addsf3x
 .text.avr-libc.fplib
                0x0000315a        0x4 c:/arduino/hardware/tools/avr/bin/../lib/gcc/avr/4.9.2/../../../../avr/lib/avr5\libm.a(divsf3.o)
                0x0000315a                __divsf3
 .text.avr-libc.fplib
                0x0000315e       0xcc c:/arduino/hardware/tools/avr/bin/../lib/gcc/avr/4.9.2/../../../../avr/lib/avr5\libm.a(divsf3x.o)
                0x00003174                __divsf3x
                0x00003178                __divsf3_pse
 .text.avr-libc.fplib
                0x0000322a       0x62 c:/arduino/hardware/tools/avr/bin/../lib/gcc/avr/4.9.2/../../../../avr/lib/avr5\libm.a(exp.o)
                0x00003234                exp
 .text.avr-libc.fplib
                0x0000328c       0x58 c:/arduino/hardware/tools/avr/bin/../lib/gcc/avr/4.9.2/../../../../avr/lib/avr5\libm.a(fixunssfsi.o)
                0x0000328c                __fixunssfsi
 .text.avr-libc.fplib
                0x000032e4       0x7a c:/arduino/hardware/tools/avr/bin/../lib/gcc/avr/4.9.2/../../../../avr/lib/avr5\libm.a(floatsisf.o)
                0x000032e4                __floatunsisf
                0x000032e8                __floatsisf
 .text.avr-libc.fplib
                0x0000335e        0xc c:/arduino/hardware/tools/avr/bin/../lib/gcc/avr/4.9.2/../../../../avr/lib/avr5\libm.a(fp_inf.o)
                0x0000335e                __fp_inf
 .text.avr-libc.fplib
                0x0000336a        0x6 c:/arduino/hardware/tools/avr/bin/../lib/gcc/avr/4.9.2/../../../../avr/lib/avr5\libm.a(fp_nan.o)
                0x0000336a                __fp_nan
 .text.avr-libc.fplib
                0x00003370       0x4a c:/arduino/hardware/tools/avr/bin/../lib/gcc/avr/4.9.2/../../../../avr/lib/avr5\libm.a(fp_powser.o)
                0x00003370                __fp_powser
 .text.avr-libc.fplib
                0x000033ba        0xe c:/arduino/hardware/tools/avr/bin/../lib/gcc/avr/4.9.2/../../../../avr/lib/avr5\libm.a(fp_pscA.o)
                0x000033ba                __fp_pscA
 .text.avr-libc.fplib
                0x000033c8        0xe c:/arduino/hardware/tools/avr/bin/../lib/gcc/avr/4.9.2/../../../../avr/lib/avr5\libm.a(fp_pscB.o)
                0x000033c8                __fp_pscB
 .text.avr-libc.fplib
                0x000033d6       0x22 c:/arduino/hardware/tools/avr/bin/../lib/gcc/avr/4.9.2/../../../../avr/lib/avr5\libm.a(fp_round.o)
                0x000033d6                __fp_round
 .text.avr-libc.fplib
                0x000033f8       0x44 c:/arduino/hardware/tools/avr/bin/../lib/gcc/avr/4.9.2/../../../../avr/lib/avr5\libm.a(fp_split3.o)
                0x000033f8                __fp_split3
                0x00003408                __fp_splitA
 .text.avr-libc.fplib
                0x0000343c        0xe c:/arduino/hardware/tools/avr/bin/../lib/gcc/avr/4.9.2/../../../../avr/lib/avr5\libm.a(fp_zero.o)
                0x0000343c                __fp_zero
                0x0000343e                __fp_szero
 .text.avr-libc.fplib
                0x0000344a        0x8 c:/arduino/hardware/tools/avr/bin/../lib/gcc/avr/4.9.2/../../../../avr/lib/avr5\libm.a(gesf2.o)
                0x0000344a                __gesf2
                0x0000344a                __gtsf2
 .text.avr-libc.fplib
                0x00003452        0xe c:/arduino/hardware/tools/avr/bin/../lib/gcc/avr/4.9.2/../../../../avr/lib/avr5\libm.a(inverse.o)
                0x00003452                inverse
 .text.avr-libc.fplib
                0x00003460       0x6c c:/arduino/hardware/tools/avr/bin/../lib/gcc/avr/4.9.2/../../../../avr/lib/avr5\libm.a(ldexp.o)
                0x00003464                ldexp
 .text.avr-libc.fplib
                0x000034cc       0x8a c:/arduino/hardware/tools/avr/bin/../lib/gcc/avr/4.9.2/../../../../avr/lib/avr5\libm.a(log.o)
                0x000034d6                log
 .text.avr-libc.fplib
                0x00003556       0x66 c:/arduino/hardware/tools/avr/bin/../lib/gcc/avr/4.9.2/../../../../avr/lib/avr5\libm.a(modf.o)
                0x00003556                modf
                0x00003556                modff
 .text.avr-libc.fplib
                0x000035bc        0x4 c:/arduino/hardware/tools/avr/bin/../lib/gcc/avr/4.9.2/../../../../avr/lib/avr5\libm.a(mulsf3.o)
                0x000035bc                __mulsf3
 .text.avr-libc.fplib
                0x000035c0       0xc2 c:/arduino/hardware/tools/avr/bin/../lib/gcc/avr/4.9.2/../../../../avr/lib/avr5\libm.a(mulsf3x.o)
                0x000035d4                __mulsf3x
                0x000035d8                __mulsf3_pse
 .text.avr-libc.fplib
                0x00003682       0x48 c:/arduino/hardware/tools/avr/bin/../lib/gcc/avr/4.9.2/../../../../avr/lib/avr5\libm.a(fp_cmp.o)
                0x00003682                __fp_cmp
 .text.avr-libc.fplib
                0x000036ca       0x1c c:/arduino/hardware/tools/avr/bin/../lib/gcc/avr/4.9.2/../../../../avr/lib/avr5\libm.a(fp_mpack.o)
                0x000036ca                __fp_mpack
                0x000036ce                __fp_mpack_finite
 .text.avr-libc
                0x000036e6      0x25a c:/arduino/hardware/tools/avr/bin/../lib/gcc/avr/4.9.2/../../../../avr/lib/avr5\libc.a(malloc.o)
                0x000036e6                malloc
                0x00003810                free
 .text.avr-libc
                0x00003940       0x12 c:/arduino/hardware/tools/avr/bin/../lib/gcc/avr/4.9.2/../../../../avr/lib/avr5\libc.a(memcpy.o)
                0x00003940                memcpy
 .text.avr-libc
                0x00003952        0xe c:/arduino/hardware/tools/avr/bin/../lib/gcc/avr/4.9.2/../../../../avr/lib/avr5\libc.a(memset.o)
                0x00003952                memset
 .text.avr-libc
                0x00003960       0x10 c:/arduino/hardware/tools/avr/bin/../lib/gcc/avr/4.9.2/../../../../avr/lib/avr5\libatmega328p.a(eerd_byte.o)
                0x00003960                eeprom_read_byte
 .text.avr-libc
                0x00003970       0x1c c:/arduino/hardware/tools/avr/bin/../lib/gcc/avr/4.9.2/../../../../avr/lib/avr5\libatmega328p.a(eewr_byte.o)
                0x00003970                eeprom_write_byte
                0x00003972                eeprom_write_r18
                0x0000398c                . = ALIGN (0x2)
 *(.fini9)
 .fini9         0x0000398c        0x0 c:/arduino/hardware/tools/avr/bin/../lib/gcc/avr/4.9.2/avr5\libgcc.a(_exit.o)
                0x0000398c                _exit
                0x0000398c                exit
 *(.fini9)
 *(.fini8)
 *(.fini8)
 *(.fini7)
 *(.fini7)
 *(.fini6)
 .fini6         0x0000398c       0x14 c:/arduino/hardware/tools/avr/bin/../lib/gcc/avr/4.9.2/avr5\libgcc.a(_dtors.o)
                0x0000398c                __do_global_dtors
 *(.fini6)
 *(.fini5)
 *(.fini5)
 *(.fini4)
 *(.fini4)
 *(.fini3)
 *(.fini3)
 *(.fini2)
 *(.fini2)
 *(.fini1)
 *(.fini1)
 *(.fini0)
 .fini0         0x000039a0        0x4 c:/arduino/hardware/tools/avr/bin/../lib/gcc/avr/4.9.2/avr5\libgcc.a(_exit.o)
 *(.fini0)
                0x000039a4                _etext = .

.data           0x00800100      0x100 load address 0x000039a4
                0x00800100                PROVIDE (__data_start, .)
 *(.data)
 .data          0x00800100        0x0 c:/arduino/hardware/tools/avr/bin/../lib/gcc/avr/4.9.2/../../../../avr/lib/avr5/crtatmega328p.o
 .data          0x00800100        0x0 ./src/lib/LEDMatrix/Animations.o
 .data          0x00800100        0x0 ./src/lib/LEDMatrix/LEDMatrix.o
 .data          0x00800100        0x0 ./src/lib/FastLED/FastLED.o
 .data          0x00800100        0x0 ./src/lib/FastLED/bitswap.o
 .data          0x00800100        0x0 ./src/lib/FastLED/colorpalettes.o
 .data          0x00800100        0x0 ./src/lib/FastLED/colorutils.o
 .data          0x00800100        0x0 ./src/lib/FastLED/hsv2rgb.o
 .data          0x00800100        0x0 ./src/lib/FastLED/lib8tion.o
 .data          0x00800100        0x0 ./src/lib/FastLED/noise.o
 .data          0x00800100        0x0 ./src/lib/FastLED/power_mgt.o
 .data          0x00800100        0x0 ./src/lib/FastLED/wiring.o
 .data          0x00800100        0x0 ./src/lib/LiquidCrystal.o
 .data          0x00800100        0x0 ./src/example.o
 .data          0x00800100        0x0 C:\Users\Felix\AppData\Local\Temp\ccqF07qw.ltrans0.ltrans.o
 .data          0x00800100        0x0 c:/arduino/hardware/tools/avr/bin/../lib/gcc/avr/4.9.2/../../../../avr/lib/avr5\libc.a(abort.o)
 .data          0x00800100        0x0 c:/arduino/hardware/tools/avr/bin/../lib/gcc/avr/4.9.2/../../../../avr/lib/avr5\libc.a(strlen.o)
 .data          0x00800100        0x0 c:/arduino/hardware/tools/avr/bin/../lib/gcc/avr/4.9.2/avr5\libgcc.a(_mulsi3.o)
 .data          0x00800100        0x0 c:/arduino/hardware/tools/avr/bin/../lib/gcc/avr/4.9.2/avr5\libgcc.a(_udivmodhi4.o)
 .data          0x00800100        0x0 c:/arduino/hardware/tools/avr/bin/../lib/gcc/avr/4.9.2/avr5\libgcc.a(_divmodhi4.o)
 .data          0x00800100        0x0 c:/arduino/hardware/tools/avr/bin/../lib/gcc/avr/4.9.2/avr5\libgcc.a(_udivmodsi4.o)
 .data          0x00800100        0x0 c:/arduino/hardware/tools/avr/bin/../lib/gcc/avr/4.9.2/avr5\libgcc.a(_divmodsi4.o)
 .data          0x00800100        0x0 c:/arduino/hardware/tools/avr/bin/../lib/gcc/avr/4.9.2/avr5\libgcc.a(_negsi2.o)
 .data          0x00800100        0x0 c:/arduino/hardware/tools/avr/bin/../lib/gcc/avr/4.9.2/avr5\libgcc.a(_exit.o)
 .data          0x00800100        0x0 c:/arduino/hardware/tools/avr/bin/../lib/gcc/avr/4.9.2/avr5\libgcc.a(_copy_data.o)
 .data          0x00800100        0x0 c:/arduino/hardware/tools/avr/bin/../lib/gcc/avr/4.9.2/avr5\libgcc.a(_clear_bss.o)
 .data          0x00800100        0x0 c:/arduino/hardware/tools/avr/bin/../lib/gcc/avr/4.9.2/avr5\libgcc.a(_ctors.o)
 .data          0x00800100        0x0 c:/arduino/hardware/tools/avr/bin/../lib/gcc/avr/4.9.2/avr5\libgcc.a(_dtors.o)
 .data          0x00800100        0x0 c:/arduino/hardware/tools/avr/bin/../lib/gcc/avr/4.9.2/avr5\libgcc.a(_usmulhisi3.o)
 .data          0x00800100        0x0 c:/arduino/hardware/tools/avr/bin/../lib/gcc/avr/4.9.2/avr5\libgcc.a(_muluhisi3.o)
 .data          0x00800100        0x0 c:/arduino/hardware/tools/avr/bin/../lib/gcc/avr/4.9.2/avr5\libgcc.a(_tablejump2.o)
 .data          0x00800100        0x0 c:/arduino/hardware/tools/avr/bin/../lib/gcc/avr/4.9.2/avr5\libgcc.a(_umulhisi3.o)
 .data          0x00800100        0x0 c:/arduino/hardware/tools/avr/bin/../lib/gcc/avr/4.9.2/../../../../avr/lib/avr5\libm.a(addsf3.o)
 .data          0x00800100        0x0 c:/arduino/hardware/tools/avr/bin/../lib/gcc/avr/4.9.2/../../../../avr/lib/avr5\libm.a(addsf3x.o)
 .data          0x00800100        0x0 c:/arduino/hardware/tools/avr/bin/../lib/gcc/avr/4.9.2/../../../../avr/lib/avr5\libm.a(divsf3.o)
 .data          0x00800100        0x0 c:/arduino/hardware/tools/avr/bin/../lib/gcc/avr/4.9.2/../../../../avr/lib/avr5\libm.a(divsf3x.o)
 .data          0x00800100        0x0 c:/arduino/hardware/tools/avr/bin/../lib/gcc/avr/4.9.2/../../../../avr/lib/avr5\libm.a(exp.o)
 .data          0x00800100        0x0 c:/arduino/hardware/tools/avr/bin/../lib/gcc/avr/4.9.2/../../../../avr/lib/avr5\libm.a(fixunssfsi.o)
 .data          0x00800100        0x0 c:/arduino/hardware/tools/avr/bin/../lib/gcc/avr/4.9.2/../../../../avr/lib/avr5\libm.a(floatsisf.o)
 .data          0x00800100        0x0 c:/arduino/hardware/tools/avr/bin/../lib/gcc/avr/4.9.2/../../../../avr/lib/avr5\libm.a(fp_inf.o)
 .data          0x00800100        0x0 c:/arduino/hardware/tools/avr/bin/../lib/gcc/avr/4.9.2/../../../../avr/lib/avr5\libm.a(fp_nan.o)
 .data          0x00800100        0x0 c:/arduino/hardware/tools/avr/bin/../lib/gcc/avr/4.9.2/../../../../avr/lib/avr5\libm.a(fp_powser.o)
 .data          0x00800100        0x0 c:/arduino/hardware/tools/avr/bin/../lib/gcc/avr/4.9.2/../../../../avr/lib/avr5\libm.a(fp_pscA.o)
 .data          0x00800100        0x0 c:/arduino/hardware/tools/avr/bin/../lib/gcc/avr/4.9.2/../../../../avr/lib/avr5\libm.a(fp_pscB.o)
 .data          0x00800100        0x0 c:/arduino/hardware/tools/avr/bin/../lib/gcc/avr/4.9.2/../../../../avr/lib/avr5\libm.a(fp_round.o)
 .data          0x00800100        0x0 c:/arduino/hardware/tools/avr/bin/../lib/gcc/avr/4.9.2/../../../../avr/lib/avr5\libm.a(fp_split3.o)
 .data          0x00800100        0x0 c:/arduino/hardware/tools/avr/bin/../lib/gcc/avr/4.9.2/../../../../avr/lib/avr5\libm.a(fp_zero.o)
 .data          0x00800100        0x0 c:/arduino/hardware/tools/avr/bin/../lib/gcc/avr/4.9.2/../../../../avr/lib/avr5\libm.a(gesf2.o)
 .data          0x00800100        0x0 c:/arduino/hardware/tools/avr/bin/../lib/gcc/avr/4.9.2/../../../../avr/lib/avr5\libm.a(inverse.o)
 .data          0x00800100        0x0 c:/arduino/hardware/tools/avr/bin/../lib/gcc/avr/4.9.2/../../../../avr/lib/avr5\libm.a(ldexp.o)
 .data          0x00800100        0x0 c:/arduino/hardware/tools/avr/bin/../lib/gcc/avr/4.9.2/../../../../avr/lib/avr5\libm.a(log.o)
 .data          0x00800100        0x0 c:/arduino/hardware/tools/avr/bin/../lib/gcc/avr/4.9.2/../../../../avr/lib/avr5\libm.a(modf.o)
 .data          0x00800100        0x0 c:/arduino/hardware/tools/avr/bin/../lib/gcc/avr/4.9.2/../../../../avr/lib/avr5\libm.a(mulsf3.o)
 .data          0x00800100        0x0 c:/arduino/hardware/tools/avr/bin/../lib/gcc/avr/4.9.2/../../../../avr/lib/avr5\libm.a(mulsf3x.o)
 .data          0x00800100        0x0 c:/arduino/hardware/tools/avr/bin/../lib/gcc/avr/4.9.2/../../../../avr/lib/avr5\libm.a(pow.o)
 .data          0x00800100        0x0 c:/arduino/hardware/tools/avr/bin/../lib/gcc/avr/4.9.2/../../../../avr/lib/avr5\libm.a(fp_cmp.o)
 .data          0x00800100        0x0 c:/arduino/hardware/tools/avr/bin/../lib/gcc/avr/4.9.2/../../../../avr/lib/avr5\libm.a(fp_mpack.o)
 .data          0x00800100        0x6 c:/arduino/hardware/tools/avr/bin/../lib/gcc/avr/4.9.2/../../../../avr/lib/avr5\libc.a(malloc.o)
                0x00800100                __malloc_heap_end
                0x00800102                __malloc_heap_start
                0x00800104                __malloc_margin
 .data          0x00800106        0x0 c:/arduino/hardware/tools/avr/bin/../lib/gcc/avr/4.9.2/../../../../avr/lib/avr5\libc.a(memcpy.o)
 .data          0x00800106        0x0 c:/arduino/hardware/tools/avr/bin/../lib/gcc/avr/4.9.2/../../../../avr/lib/avr5\libc.a(memset.o)
 .data          0x00800106        0x0 c:/arduino/hardware/tools/avr/bin/../lib/gcc/avr/4.9.2/../../../../avr/lib/avr5\libatmega328p.a(eerd_byte.o)
 .data          0x00800106        0x0 c:/arduino/hardware/tools/avr/bin/../lib/gcc/avr/4.9.2/../../../../avr/lib/avr5\libatmega328p.a(eewr_byte.o)
 *(.data*)
 .data.rand16seed
                0x00800106        0x2 ./src/lib/FastLED/lib8tion.o
                0x00800106                rand16seed
 .data.delay_ms
                0x00800108        0x2 ./src/example.o
                0x00800108                delay_ms
 .data.init_snake
                0x0080010a       0x10 ./src/example.o
                0x0080010a                init_snake
 *(.rodata)
 .rodata        0x0080011a       0x33 C:\Users\Felix\AppData\Local\Temp\ccqF07qw.ltrans0.ltrans.o
 *(.rodata*)
 .rodata._ZTV9LEDMatrix
                0x0080014d        0x8 ./src/lib/LEDMatrix/LEDMatrix.o
                0x0080014d                _ZTV9LEDMatrix
 .rodata._ZTV7WS2812BILh10EL6EOrder66EE
                0x00800155       0x12 ./src/lib/LEDMatrix/LEDMatrix.o
                0x00800155                _ZTV7WS2812BILh10EL6EOrder66EE
 .rodata._ZTV13LiquidCrystal
                0x00800167        0x8 ./src/lib/LiquidCrystal.o
                0x00800167                _ZTV13LiquidCrystal
 .rodata.str1.1
                0x0080016f       0x91 ./src/example.o
                                 0xab (size before relaxing)
 *(.gnu.linkonce.d*)
                0x00800200                . = ALIGN (0x2)
                0x00800200                _edata = .
                0x00800200                PROVIDE (__data_end, .)

.bss            0x00800200      0x29d
                0x00800200                PROVIDE (__bss_start, .)
 *(.bss)
 .bss           0x00800200       0xa6 C:\Users\Felix\AppData\Local\Temp\ccqF07qw.ltrans0.ltrans.o
                0x00800200                timer0_millis
                0x00800204                Serial
 *(.bss*)
 .bss._ZZN15PixelControllerIL6EOrder66ELi1ELm4294967295EE21init_binary_ditheringEvE1R
                0x008002a6        0x1 ./src/lib/LEDMatrix/LEDMatrix.o
                0x008002a6                _ZZN15PixelControllerIL6EOrder66ELi1ELm4294967295EE21init_binary_ditheringEvE1R
 .bss._ZZN8CFastLED7addLedsI7WS2812BLh10EL6EOrder66EEER14CLEDControllerP4CRGBiiE1c
                0x008002a7       0x11 ./src/lib/LEDMatrix/LEDMatrix.o
                0x008002a7                _ZZN8CFastLED7addLedsI7WS2812BLh10EL6EOrder66EEER14CLEDControllerP4CRGBiiE1c
 .bss._ZGVZN8CFastLED7addLedsI7WS2812BLh10EL6EOrder66EEER14CLEDControllerP4CRGBiiE1c
                0x008002b8        0x8 ./src/lib/LEDMatrix/LEDMatrix.o
                0x008002b8                _ZGVZN8CFastLED7addLedsI7WS2812BLh10EL6EOrder66EEER14CLEDControllerP4CRGBiiE1c
 .bss._ZL21gTimeErrorAccum256ths
                0x008002c0        0x1 ./src/lib/LEDMatrix/LEDMatrix.o
 .bss._ZZN8CFastLED8countFPSEiE9lastframe
                0x008002c1        0x4 ./src/lib/FastLED/FastLED.o
 .bss._ZZN8CFastLED8countFPSEiE2br
                0x008002c5        0x2 ./src/lib/FastLED/FastLED.o
 .bss._ZL8lastshow
                0x008002c7        0x4 ./src/lib/FastLED/FastLED.o
 .bss._ZN14CLEDController7m_pTailE
                0x008002cb        0x2 ./src/lib/FastLED/FastLED.o
                0x008002cb                _ZN14CLEDController7m_pTailE
 .bss._ZN14CLEDController7m_pHeadE
                0x008002cd        0x2 ./src/lib/FastLED/FastLED.o
                0x008002cd                _ZN14CLEDController7m_pHeadE
 .bss.FastLED   0x008002cf        0xd ./src/lib/FastLED/FastLED.o
                0x008002cf                FastLED
 .bss.apple     0x008002dc        0x4 ./src/example.o
                0x008002dc                apple
 .bss.snake     0x008002e0      0x190 ./src/example.o
                0x008002e0                snake
 .bss.snake_length
                0x00800470        0x2 ./src/example.o
                0x00800470                snake_length
 .bss.paused    0x00800472        0x1 ./src/example.o
                0x00800472                paused
 .bss.led_matrix
                0x00800473        0xc ./src/example.o
                0x00800473                led_matrix
 .bss.dir       0x0080047f        0x2 ./src/example.o
                0x0080047f                dir
 .bss.lcd       0x00800481       0x18 ./src/example.o
                0x00800481                lcd
 *(COMMON)
 COMMON         0x00800499        0x4 c:/arduino/hardware/tools/avr/bin/../lib/gcc/avr/4.9.2/../../../../avr/lib/avr5\libc.a(malloc.o)
                0x00800499                __brkval
                0x0080049b                __flp
                0x0080049d                PROVIDE (__bss_end, .)
                0x000039a4                __data_load_start = LOADADDR (.data)
                0x00003aa4                __data_load_end = (__data_load_start + SIZEOF (.data))

.noinit         0x0080049d        0x0
                0x0080049d                PROVIDE (__noinit_start, .)
 *(.noinit*)
                0x0080049d                PROVIDE (__noinit_end, .)
                0x0080049d                _end = .
                0x0080049d                PROVIDE (__heap_start, .)

.eeprom         0x00810000        0x0
 *(.eeprom*)
                0x00810000                __eeprom_end = .

.fuse
 *(.fuse)
 *(.lfuse)
 *(.hfuse)
 *(.efuse)

.lock
 *(.lock*)

.signature
 *(.signature*)

.stab           0x00000000    0x10e48
 *(.stab)
 .stab          0x00000000     0x12e4 ./src/lib/LEDMatrix/Animations.o
 .stab          0x000012e4     0x2bec ./src/lib/LEDMatrix/LEDMatrix.o
                               0x2d00 (size before relaxing)
 .stab          0x00003ed0     0x16a4 ./src/lib/FastLED/FastLED.o
                               0x1e9c (size before relaxing)
 .stab          0x00005574     0x117c ./src/lib/FastLED/bitswap.o
                               0x12fc (size before relaxing)
 .stab          0x000066f0     0x129c ./src/lib/FastLED/colorpalettes.o
                               0x12a8 (size before relaxing)
 .stab          0x0000798c     0x117c ./src/lib/FastLED/colorutils.o
                               0x52a4 (size before relaxing)
 .stab          0x00008b08     0x117c ./src/lib/FastLED/hsv2rgb.o
                               0x2454 (size before relaxing)
 .stab          0x00009c84     0x117c ./src/lib/FastLED/lib8tion.o
                               0x1374 (size before relaxing)
 .stab          0x0000ae00     0x11ac ./src/lib/FastLED/noise.o
                               0x50c4 (size before relaxing)
 .stab          0x0000bfac     0x117c ./src/lib/FastLED/power_mgt.o
                               0x192c (size before relaxing)
 .stab          0x0000d128     0x1230 ./src/lib/FastLED/wiring.o
                               0x123c (size before relaxing)
 .stab          0x0000e358      0xf00 ./src/lib/LiquidCrystal.o
                               0x18e4 (size before relaxing)
 .stab          0x0000f258     0x1bf0 ./src/example.o
                               0x1bfc (size before relaxing)

.stabstr        0x00000000     0xc38f
 *(.stabstr)
 .stabstr       0x00000000     0xc38f ./src/lib/LEDMatrix/Animations.o

.stab.excl
 *(.stab.excl)

.stab.exclstr
 *(.stab.exclstr)

.stab.index
 *(.stab.index)

.stab.indexstr
 *(.stab.indexstr)

.comment        0x00000000       0x11
 *(.comment)
 .comment       0x00000000       0x11 ./src/lib/LEDMatrix/Animations.o
                                 0x12 (size before relaxing)
 .comment       0x00000011       0x12 ./src/lib/LEDMatrix/LEDMatrix.o
 .comment       0x00000011       0x12 ./src/lib/FastLED/FastLED.o
 .comment       0x00000011       0x12 ./src/lib/FastLED/bitswap.o
 .comment       0x00000011       0x12 ./src/lib/FastLED/colorpalettes.o
 .comment       0x00000011       0x12 ./src/lib/FastLED/colorutils.o
 .comment       0x00000011       0x12 ./src/lib/FastLED/hsv2rgb.o
 .comment       0x00000011       0x12 ./src/lib/FastLED/lib8tion.o
 .comment       0x00000011       0x12 ./src/lib/FastLED/noise.o
 .comment       0x00000011       0x12 ./src/lib/FastLED/power_mgt.o
 .comment       0x00000011       0x12 ./src/lib/FastLED/wiring.o
 .comment       0x00000011       0x12 ./src/lib/LiquidCrystal.o
 .comment       0x00000011       0x12 ./src/example.o
 .comment       0x00000011       0x12 C:\Users\Felix\AppData\Local\Temp\ccqF07qw.ltrans0.ltrans.o
 .comment       0x00000011       0x12 c:/arduino/hardware/tools/avr/bin/../lib/gcc/avr/4.9.2/../../../../avr/lib/avr5\libc.a(malloc.o)

.note.gnu.avr.deviceinfo
                0x00000000       0x40
 .note.gnu.avr.deviceinfo
                0x00000000       0x40 c:/arduino/hardware/tools/avr/bin/../lib/gcc/avr/4.9.2/../../../../avr/lib/avr5/crtatmega328p.o

.note.gnu.build-id
 *(.note.gnu.build-id)

.debug
 *(.debug)

.line
 *(.line)

.debug_srcinfo
 *(.debug_srcinfo)

.debug_sfnames
 *(.debug_sfnames)

.debug_aranges
 *(.debug_aranges)

.debug_pubnames
 *(.debug_pubnames)

.debug_info     0x00000000      0x5f4
 *(.debug_info .gnu.linkonce.wi.*)
 .debug_info    0x00000000      0x5f4 c:/arduino/hardware/tools/avr/bin/../lib/gcc/avr/4.9.2/../../../../avr/lib/avr5/crtatmega328p.o

.debug_abbrev   0x00000000      0x5a2
 *(.debug_abbrev)
 .debug_abbrev  0x00000000      0x5a2 c:/arduino/hardware/tools/avr/bin/../lib/gcc/avr/4.9.2/../../../../avr/lib/avr5/crtatmega328p.o

.debug_line     0x00000000       0x1a
 *(.debug_line .debug_line.* .debug_line_end)
 .debug_line    0x00000000       0x1a c:/arduino/hardware/tools/avr/bin/../lib/gcc/avr/4.9.2/../../../../avr/lib/avr5/crtatmega328p.o

.debug_frame
 *(.debug_frame)

.debug_str      0x00000000      0x208
 *(.debug_str)
 .debug_str     0x00000000      0x208 c:/arduino/hardware/tools/avr/bin/../lib/gcc/avr/4.9.2/../../../../avr/lib/avr5/crtatmega328p.o

.debug_loc
 *(.debug_loc)

.debug_macinfo
 *(.debug_macinfo)

.debug_weaknames
 *(.debug_weaknames)

.debug_funcnames
 *(.debug_funcnames)

.debug_typenames
 *(.debug_typenames)

.debug_varnames
 *(.debug_varnames)

.debug_pubtypes
 *(.debug_pubtypes)

.debug_ranges
 *(.debug_ranges)

.debug_macro
 *(.debug_macro)
OUTPUT(LED_Library.elf elf32-avr)
LOAD linker stubs

Cross Reference Table

Symbol                                            File
CloudColors_p                                     ./src/lib/FastLED/colorpalettes.o
FastLED                                           ./src/lib/FastLED/FastLED.o
                                                  ./src/lib/FastLED/power_mgt.o
                                                  ./src/lib/LEDMatrix/LEDMatrix.o
ForestColors_p                                    ./src/lib/FastLED/colorpalettes.o
HeatColors_p                                      ./src/lib/FastLED/colorpalettes.o
LavaColors_p                                      ./src/lib/FastLED/colorpalettes.o
OceanColors_p                                     ./src/lib/FastLED/colorpalettes.o
PartyColors_p                                     ./src/lib/FastLED/colorpalettes.o
RainbowColors_p                                   ./src/lib/FastLED/colorpalettes.o
RainbowStripeColors_p                             ./src/lib/FastLED/colorpalettes.o
Rainbow_gp                                        ./src/lib/FastLED/colorpalettes.o
Serial                                            C:\Users\Felix\AppData\Local\Temp\ccqF07qw.ltrans0.ltrans.o
                                                  HardwareSerial0.cpp.o (symbol from plugin)
                                                  ./src/example.o
                                                  ./src/lib/LEDMatrix/LEDMatrix.o
_Z10blink_animR9LEDMatrixiihhhhhh                 ./src/lib/LEDMatrix/Animations.o
                                                  ./src/example.o
_Z10draw_scorev                                   ./src/example.o
_Z10draw_snakev                                   ./src/example.o
_Z10fade_videoP4CRGBjh                            ./src/lib/FastLED/colorutils.o
_Z10fill_solidP4CHSViRKS_                         ./src/lib/FastLED/colorutils.o
_Z10fill_solidP4CRGBiRKS_                         ./src/lib/FastLED/colorutils.o
_Z11blurColumnsP4CRGBhhh                          ./src/lib/FastLED/colorutils.o
_Z11fadeLightByP4CRGBjh                           ./src/lib/FastLED/colorutils.o
_Z11fill_noise8P4CRGBihjihjij                     ./src/lib/FastLED/noise.o
_Z11hsv2rgb_rawPK4CHSVP4CRGBi                     ./src/lib/FastLED/hsv2rgb.o
_Z11hsv2rgb_rawRK4CHSVR4CRGB                      ./src/lib/FastLED/hsv2rgb.o
_Z11inoise8_rawj                                  ./src/lib/FastLED/noise.o
_Z11inoise8_rawjj                                 ./src/lib/FastLED/noise.o
_Z11inoise8_rawjjj                                ./src/lib/FastLED/noise.o
_Z11nscale8_rawP4CRGBjh                           ./src/lib/FastLED/colorutils.o
_Z11serialEventv                                  C:\Users\Felix\AppData\Local\Temp\ccqF07qw.ltrans0.ltrans.o
                                                  HardwareSerial.cpp.o (symbol from plugin)
_Z12fill_noise16P4CRGBihjihjijh                   ./src/lib/FastLED/noise.o
_Z12fill_rainbowP4CHSVihh                         ./src/lib/FastLED/colorutils.o
_Z12fill_rainbowP4CRGBihh                         ./src/lib/FastLED/colorutils.o
_Z12handle_inputv                                 ./src/example.o
_Z12inoise16_rawm                                 ./src/lib/FastLED/noise.o
_Z12inoise16_rawmm                                ./src/lib/FastLED/noise.o
_Z12inoise16_rawmmm                               ./src/lib/FastLED/noise.o
_Z13fadeToBlackByP4CRGBjh                         ./src/lib/FastLED/colorutils.o
_Z13fill_2dnoise8P4CRGBiibhjijijhjijjjb           ./src/lib/FastLED/noise.o
_Z13hsv2rgb_raw_CRK4CHSVR4CRGB                    ./src/lib/FastLED/hsv2rgb.o
_Z13nscale8_videoP4CRGBjh                         ./src/lib/FastLED/colorutils.o
_Z14UpscalePaletteRK13CHSVPalette16R13CHSVPalette32 ./src/lib/FastLED/colorutils.o
_Z14UpscalePaletteRK13CHSVPalette16R14CHSVPalette256 ./src/lib/FastLED/colorutils.o
_Z14UpscalePaletteRK13CHSVPalette32R14CHSVPalette256 ./src/lib/FastLED/colorutils.o
_Z14UpscalePaletteRK13CRGBPalette16R13CRGBPalette32 ./src/lib/FastLED/colorutils.o
_Z14UpscalePaletteRK13CRGBPalette16R14CRGBPalette256 ./src/lib/FastLED/colorutils.o
_Z14UpscalePaletteRK13CRGBPalette32R14CRGBPalette256 ./src/lib/FastLED/colorutils.o
_Z14fadeUsingColorP4CRGBjRKS_                     ./src/lib/FastLED/colorutils.o
_Z14fill_2dnoise16P4CRGBiibhmimimhjijjjbj         ./src/lib/FastLED/noise.o
_Z14serialEventRunv                               HardwareSerial.cpp.o (symbol from plugin)
                                                  main.cpp.o (symbol from plugin)
_Z15fill_raw_noise8Phhhjij                        ./src/lib/FastLED/noise.o
_Z15hsv2rgb_rainbowPK4CHSVP4CRGBi                 ./src/lib/FastLED/hsv2rgb.o
_Z15hsv2rgb_rainbowRK4CHSVR4CRGB                  ./src/lib/FastLED/hsv2rgb.o
                                                  ./src/lib/FastLED/noise.o
                                                  ./src/lib/FastLED/colorutils.o
_Z15hsv2rgb_raw_avrRK4CHSVR4CRGB                  ./src/lib/FastLED/hsv2rgb.o
_Z16ColorFromPaletteRA16_Kmhh10TBlendType         ./src/lib/FastLED/colorutils.o
_Z16ColorFromPaletteRA32_Kmhh10TBlendType         ./src/lib/FastLED/colorutils.o
_Z16ColorFromPaletteRK13CHSVPalette16hh10TBlendType ./src/lib/FastLED/colorutils.o
_Z16ColorFromPaletteRK13CHSVPalette32hh10TBlendType ./src/lib/FastLED/colorutils.o
_Z16ColorFromPaletteRK13CRGBPalette16hh10TBlendType ./src/lib/FastLED/colorutils.o
_Z16ColorFromPaletteRK13CRGBPalette32hh10TBlendType ./src/lib/FastLED/colorutils.o
_Z16ColorFromPaletteRK14CHSVPalette256hh10TBlendType ./src/lib/FastLED/colorutils.o
_Z16ColorFromPaletteRK14CRGBPalette256hh10TBlendType ./src/lib/FastLED/colorutils.o
_Z16applyGamma_videoRK4CRGBf                      ./src/lib/FastLED/colorutils.o
_Z16applyGamma_videoRK4CRGBfff                    ./src/lib/FastLED/colorutils.o
_Z16applyGamma_videohf                            ./src/lib/FastLED/colorutils.o
_Z16hsv2rgb_spectrumPK4CHSVP4CRGBi                ./src/lib/FastLED/hsv2rgb.o
_Z16hsv2rgb_spectrumRK4CHSVR4CRGB                 ./src/lib/FastLED/hsv2rgb.o
_Z17Serial0_availablev                            HardwareSerial0.cpp.o (symbol from plugin)
                                                  HardwareSerial.cpp.o (symbol from plugin)
_Z17fill_gradient_RGBP4CRGBjRKS_S2_               ./src/lib/FastLED/colorutils.o
_Z17fill_gradient_RGBP4CRGBjRKS_S2_S2_            ./src/lib/FastLED/colorutils.o
_Z17fill_gradient_RGBP4CRGBjRKS_S2_S2_S2_         ./src/lib/FastLED/colorutils.o
_Z17fill_gradient_RGBP4CRGBjS_jS_                 ./src/lib/FastLED/colorutils.o
_Z17fill_raw_2dnoise8Phiih1qIhLi4ELi4EEhijijij    ./src/lib/FastLED/noise.o
_Z17fill_raw_2dnoise8Phiihjijij                   ./src/lib/FastLED/noise.o
_Z17napplyGamma_videoP4CRGBjf                     ./src/lib/FastLED/colorutils.o
_Z17napplyGamma_videoP4CRGBjfff                   ./src/lib/FastLED/colorutils.o
_Z17napplyGamma_videoR4CRGBf                      ./src/lib/FastLED/colorutils.o
_Z17napplyGamma_videoR4CRGBfff                    ./src/lib/FastLED/colorutils.o
_Z17update_hightscorev                            ./src/example.o
_Z18fill_raw_2dnoise16Pjiih1qIjLi8ELi8EEjimimim   ./src/lib/FastLED/noise.o
_Z19rgb2hsv_approximateRK4CRGB                    ./src/lib/FastLED/hsv2rgb.o
_Z21fill_raw_noise16into8Phhhmim                  ./src/lib/FastLED/noise.o
_Z21transpose8x1_noinlinePhS_                     ./src/lib/FastLED/bitswap.o
_Z23fill_raw_2dnoise16into8Phiih1qIhLi4ELi4EEhimimim ./src/lib/FastLED/noise.o
_Z23fill_raw_2dnoise16into8Phiihmimim             ./src/lib/FastLED/noise.o
_Z26nblendPaletteTowardPaletteR13CRGBPalette16S0_h ./src/lib/FastLED/colorutils.o
_Z27calculate_unscaled_power_mWPK4CRGBj           ./src/lib/FastLED/power_mgt.o
_Z27set_max_power_in_milliwattsm                  ./src/lib/FastLED/power_mgt.o
_Z27set_max_power_indicator_LEDh                  ./src/lib/FastLED/power_mgt.o
_Z2XYhh                                           ./src/lib/FastLED/colorutils.o
_Z32show_at_max_brightness_for_powerv             ./src/lib/FastLED/power_mgt.o
_Z33delay_at_max_brightness_for_powerj            ./src/lib/FastLED/power_mgt.o
_Z36set_max_power_in_volts_and_milliampshm        ./src/lib/FastLED/power_mgt.o
_Z37calculate_max_brightness_for_power_mWPK4CRGBjhm ./src/lib/FastLED/power_mgt.o
_Z37calculate_max_brightness_for_power_mWhm       ./src/lib/FastLED/power_mgt.o
_Z38calculate_max_brightness_for_power_vmAPK4CRGBjhmm ./src/lib/FastLED/power_mgt.o
_Z4drawv                                          ./src/example.o
_Z5blendPK4CHSVS1_PS_jh22TGradientDirectionCode   ./src/lib/FastLED/colorutils.o
_Z5blendPK4CRGBS1_PS_jh                           ./src/lib/FastLED/colorutils.o
_Z5blendRK4CHSVS1_h22TGradientDirectionCode       ./src/lib/FastLED/colorutils.o
_Z5blendRK4CRGBS1_h                               ./src/lib/FastLED/colorutils.o
_Z5resetv                                         ./src/example.o
_Z6blur1dP4CRGBjh                                 ./src/lib/FastLED/colorutils.o
_Z6blur2dP4CRGBhhh                                ./src/lib/FastLED/colorutils.o
_Z6nblendP4CHSVS0_jh22TGradientDirectionCode      ./src/lib/FastLED/colorutils.o
_Z6nblendP4CRGBS0_jh                              ./src/lib/FastLED/colorutils.o
_Z6nblendR4CHSVRKS_h22TGradientDirectionCode      ./src/lib/FastLED/colorutils.o
_Z6nblendR4CRGBRKS_h                              ./src/lib/FastLED/colorutils.o
_Z7inoise8j                                       ./src/lib/FastLED/noise.o
_Z7inoise8jj                                      ./src/lib/FastLED/noise.o
_Z7inoise8jjj                                     ./src/lib/FastLED/noise.o
_Z7nscale8P4CRGBjh                                ./src/lib/FastLED/colorutils.o
_Z8blurRowsP4CRGBhhh                              ./src/lib/FastLED/colorutils.o
_Z8fade_rawP4CRGBjh                               ./src/lib/FastLED/colorutils.o
_Z8inoise16m                                      ./src/lib/FastLED/noise.o
_Z8inoise16mm                                     ./src/lib/FastLED/noise.o
_Z8inoise16mmm                                    ./src/lib/FastLED/noise.o
_Z8my_delayj                                      ./src/example.o
_Z8setupUSBv                                      main.cpp.o (symbol from plugin)
_Z9HeatColorh                                     ./src/lib/FastLED/colorutils.o
_Z9draw_goalv                                     ./src/example.o
_Z9game_overv                                     ./src/example.o
_Z9new_applev                                     ./src/example.o
_ZGVZN8CFastLED7addLedsI7WS2812BLh10EL6EOrder66EEER14CLEDControllerP4CRGBiiE1c ./src/lib/LEDMatrix/LEDMatrix.o
_ZN13LiquidCrystal10autoscrollEv                  ./src/lib/LiquidCrystal.o
_ZN13LiquidCrystal10createCharEhPh                ./src/lib/LiquidCrystal.o
_ZN13LiquidCrystal10write4bitsEh                  ./src/lib/LiquidCrystal.o
_ZN13LiquidCrystal10write8bitsEh                  ./src/lib/LiquidCrystal.o
_ZN13LiquidCrystal11leftToRightEv                 ./src/lib/LiquidCrystal.o
_ZN13LiquidCrystal11pulseEnableEv                 ./src/lib/LiquidCrystal.o
_ZN13LiquidCrystal11rightToLeftEv                 ./src/lib/LiquidCrystal.o
_ZN13LiquidCrystal12noAutoscrollEv                ./src/lib/LiquidCrystal.o
_ZN13LiquidCrystal13setRowOffsetsEiiii            ./src/lib/LiquidCrystal.o
_ZN13LiquidCrystal17scrollDisplayLeftEv           ./src/lib/LiquidCrystal.o
_ZN13LiquidCrystal18scrollDisplayRightEv          ./src/lib/LiquidCrystal.o
_ZN13LiquidCrystal4homeEv                         ./src/lib/LiquidCrystal.o
_ZN13LiquidCrystal4initEhhhhhhhhhhhh              ./src/lib/LiquidCrystal.o
_ZN13LiquidCrystal4sendEhh                        ./src/lib/LiquidCrystal.o
_ZN13LiquidCrystal5beginEhhh                      ./src/lib/LiquidCrystal.o
                                                  ./src/example.o
_ZN13LiquidCrystal5blinkEv                        ./src/lib/LiquidCrystal.o
_ZN13LiquidCrystal5clearEv                        ./src/lib/LiquidCrystal.o
                                                  ./src/example.o
_ZN13LiquidCrystal5writeEh                        ./src/lib/LiquidCrystal.o
_ZN13LiquidCrystal6cursorEv                       ./src/lib/LiquidCrystal.o
_ZN13LiquidCrystal7commandEh                      ./src/lib/LiquidCrystal.o
_ZN13LiquidCrystal7displayEv                      ./src/lib/LiquidCrystal.o
_ZN13LiquidCrystal7noBlinkEv                      ./src/lib/LiquidCrystal.o
_ZN13LiquidCrystal8noCursorEv                     ./src/lib/LiquidCrystal.o
_ZN13LiquidCrystal9noDisplayEv                    ./src/lib/LiquidCrystal.o
_ZN13LiquidCrystal9setCursorEhh                   ./src/lib/LiquidCrystal.o
                                                  ./src/example.o
_ZN13LiquidCrystalC1Ehhhhhh                       ./src/lib/LiquidCrystal.o
                                                  ./src/example.o
_ZN13LiquidCrystalC1Ehhhhhhh                      ./src/lib/LiquidCrystal.o
_ZN13LiquidCrystalC1Ehhhhhhhhhh                   ./src/lib/LiquidCrystal.o
_ZN13LiquidCrystalC1Ehhhhhhhhhhh                  ./src/lib/LiquidCrystal.o
_ZN13LiquidCrystalC2Ehhhhhh                       ./src/lib/LiquidCrystal.o
_ZN13LiquidCrystalC2Ehhhhhhh                      ./src/lib/LiquidCrystal.o
_ZN13LiquidCrystalC2Ehhhhhhhhhh                   ./src/lib/LiquidCrystal.o
_ZN13LiquidCrystalC2Ehhhhhhhhhhh                  ./src/lib/LiquidCrystal.o
_ZN14CLEDController13getAdjustmentEh              ./src/lib/FastLED/FastLED.o
_ZN14CLEDController4sizeEv                        ./src/lib/LEDMatrix/LEDMatrix.o
_ZN14CLEDController7m_pHeadE                      ./src/lib/FastLED/FastLED.o
                                                  ./src/lib/FastLED/power_mgt.o
                                                  ./src/lib/LEDMatrix/LEDMatrix.o
_ZN14CLEDController7m_pTailE                      ./src/lib/FastLED/FastLED.o
                                                  ./src/lib/LEDMatrix/LEDMatrix.o
_ZN14CLEDController9clearLedsEi                   ./src/lib/LEDMatrix/LEDMatrix.o
_ZN14HardwareSerial16_rx_complete_irqEv           HardwareSerial0.cpp.o (symbol from plugin)
_ZN14HardwareSerial17_tx_udr_empty_irqEv          HardwareSerial.cpp.o (symbol from plugin)
                                                  HardwareSerial0.cpp.o (symbol from plugin)
_ZN14HardwareSerial17availableForWriteEv          HardwareSerial.cpp.o (symbol from plugin)
_ZN14HardwareSerial3endEv                         HardwareSerial.cpp.o (symbol from plugin)
_ZN14HardwareSerial4peekEv                        HardwareSerial.cpp.o (symbol from plugin)
_ZN14HardwareSerial4readEv                        C:\Users\Felix\AppData\Local\Temp\ccqF07qw.ltrans0.ltrans.o
                                                  HardwareSerial.cpp.o (symbol from plugin)
                                                  ./src/example.o
_ZN14HardwareSerial5beginEmh                      C:\Users\Felix\AppData\Local\Temp\ccqF07qw.ltrans0.ltrans.o
                                                  HardwareSerial.cpp.o (symbol from plugin)
                                                  ./src/example.o
_ZN14HardwareSerial5flushEv                       HardwareSerial.cpp.o (symbol from plugin)
_ZN14HardwareSerial5writeEh                       HardwareSerial.cpp.o (symbol from plugin)
_ZN14HardwareSerial9availableEv                   C:\Users\Felix\AppData\Local\Temp\ccqF07qw.ltrans0.ltrans.o
                                                  HardwareSerial.cpp.o (symbol from plugin)
                                                  HardwareSerial0.cpp.o (symbol from plugin)
                                                  ./src/example.o
_ZN15PixelControllerIL6EOrder66ELi1ELm4294967295EE11initOffsetsEi ./src/lib/LEDMatrix/LEDMatrix.o
_ZN15PixelControllerIL6EOrder66ELi1ELm4294967295EE21init_binary_ditheringEv ./src/lib/LEDMatrix/LEDMatrix.o
_ZN19CPixelLEDControllerIL6EOrder66ELi1ELm4294967295EE4showEPK4CRGBiS2_ ./src/lib/LEDMatrix/LEDMatrix.o
_ZN19CPixelLEDControllerIL6EOrder66ELi1ELm4294967295EE9showColorERK4CRGBiS2_ ./src/lib/LEDMatrix/LEDMatrix.o
_ZN19ClocklessControllerILh10ELi4ELi10ELi6EL6EOrder66ELi0ELb0ELi10EE10showPixelsER15PixelControllerILS0_66ELi1ELm4294967295EE ./src/lib/LEDMatrix/LEDMatrix.o
_ZN19ClocklessControllerILh10ELi4ELi10ELi6EL6EOrder66ELi0ELb0ELi10EE15showRGBInternalER15PixelControllerILS0_66ELi1ELm4294967295EE ./src/lib/LEDMatrix/LEDMatrix.o
_ZN19ClocklessControllerILh10ELi4ELi10ELi6EL6EOrder66ELi0ELb0ELi10EE4initEv ./src/lib/LEDMatrix/LEDMatrix.o
_ZN3Pin10isSelectedEv                             ./src/lib/FastLED/power_mgt.o
_ZN3Pin5_initEv                                   ./src/lib/FastLED/power_mgt.o
_ZN3Pin6selectEv                                  ./src/lib/FastLED/power_mgt.o
_ZN3Pin7releaseEv                                 ./src/lib/FastLED/power_mgt.o
_ZN4CRGB7nscale8Eh                                ./src/lib/FastLED/colorutils.o
_ZN4CRGBpLERKS_                                   ./src/lib/FastLED/colorutils.o
                                                  ./src/lib/FastLED/noise.o
_ZN5Print10printFloatEdh                          Print.cpp.o (symbol from plugin)
_ZN5Print11printNumberEmh                         Print.cpp.o (symbol from plugin)
_ZN5Print17availableForWriteEv                    HardwareSerial0.cpp.o (symbol from plugin)
                                                  Print.cpp.o (symbol from plugin)
_ZN5Print5flushEv                                 HardwareSerial0.cpp.o (symbol from plugin)
                                                  Print.cpp.o (symbol from plugin)
_ZN5Print5printEPK19__FlashStringHelper           Print.cpp.o (symbol from plugin)
_ZN5Print5printEPKc                               C:\Users\Felix\AppData\Local\Temp\ccqF07qw.ltrans0.ltrans.o
                                                  Print.cpp.o (symbol from plugin)
                                                  ./src/example.o
                                                  ./src/lib/LEDMatrix/LEDMatrix.o
_ZN5Print5printERK6String                         Print.cpp.o (symbol from plugin)
_ZN5Print5printERK9Printable                      Print.cpp.o (symbol from plugin)
_ZN5Print5printEc                                 Print.cpp.o (symbol from plugin)
_ZN5Print5printEdi                                Print.cpp.o (symbol from plugin)
_ZN5Print5printEhi                                C:\Users\Felix\AppData\Local\Temp\ccqF07qw.ltrans0.ltrans.o
                                                  Print.cpp.o (symbol from plugin)
                                                  ./src/example.o
                                                  ./src/lib/LEDMatrix/LEDMatrix.o
_ZN5Print5printEii                                C:\Users\Felix\AppData\Local\Temp\ccqF07qw.ltrans0.ltrans.o
                                                  Print.cpp.o (symbol from plugin)
                                                  ./src/example.o
_ZN5Print5printEji                                C:\Users\Felix\AppData\Local\Temp\ccqF07qw.ltrans0.ltrans.o
                                                  Print.cpp.o (symbol from plugin)
                                                  ./src/lib/LEDMatrix/LEDMatrix.o
_ZN5Print5printEli                                Print.cpp.o (symbol from plugin)
_ZN5Print5printEmi                                Print.cpp.o (symbol from plugin)
_ZN5Print5writeEPKc                               Print.cpp.o (symbol from plugin)
_ZN5Print5writeEPKcj                              Print.cpp.o (symbol from plugin)
_ZN5Print5writeEPKhj                              C:\Users\Felix\AppData\Local\Temp\ccqF07qw.ltrans0.ltrans.o
                                                  Print.cpp.o (symbol from plugin)
                                                  HardwareSerial0.cpp.o (symbol from plugin)
                                                  HardwareSerial.cpp.o (symbol from plugin)
                                                  ./src/lib/LiquidCrystal.o
_ZN5Print7printlnEPK19__FlashStringHelper         Print.cpp.o (symbol from plugin)
_ZN5Print7printlnEPKc                             C:\Users\Felix\AppData\Local\Temp\ccqF07qw.ltrans0.ltrans.o
                                                  Print.cpp.o (symbol from plugin)
                                                  ./src/example.o
_ZN5Print7printlnERK6String                       Print.cpp.o (symbol from plugin)
_ZN5Print7printlnERK9Printable                    Print.cpp.o (symbol from plugin)
_ZN5Print7printlnEc                               Print.cpp.o (symbol from plugin)
_ZN5Print7printlnEdi                              Print.cpp.o (symbol from plugin)
_ZN5Print7printlnEhi                              C:\Users\Felix\AppData\Local\Temp\ccqF07qw.ltrans0.ltrans.o
                                                  Print.cpp.o (symbol from plugin)
                                                  ./src/example.o
                                                  ./src/lib/LEDMatrix/LEDMatrix.o
_ZN5Print7printlnEii                              Print.cpp.o (symbol from plugin)
_ZN5Print7printlnEji                              Print.cpp.o (symbol from plugin)
_ZN5Print7printlnEli                              Print.cpp.o (symbol from plugin)
_ZN5Print7printlnEmi                              Print.cpp.o (symbol from plugin)
_ZN5Print7printlnEv                               Print.cpp.o (symbol from plugin)
_ZN8CFastLED13setCorrectionERK4CRGB               ./src/lib/FastLED/FastLED.o
_ZN8CFastLED14setTemperatureERK4CRGB              ./src/lib/FastLED/FastLED.o
_ZN8CFastLED17setMaxRefreshRateEjb                ./src/lib/FastLED/FastLED.o
_ZN8CFastLED4showEh                               ./src/lib/FastLED/FastLED.o
                                                  ./src/lib/FastLED/power_mgt.o
                                                  ./src/lib/LEDMatrix/LEDMatrix.o
_ZN8CFastLED5clearEb                              ./src/lib/FastLED/FastLED.o
_ZN8CFastLED5countEv                              ./src/lib/FastLED/FastLED.o
_ZN8CFastLED5delayEm                              ./src/lib/FastLED/FastLED.o
                                                  ./src/lib/FastLED/power_mgt.o
_ZN8CFastLED7addLedsEP14CLEDControllerP4CRGBii    ./src/lib/FastLED/FastLED.o
                                                  ./src/lib/LEDMatrix/LEDMatrix.o
_ZN8CFastLED8countFPSEi                           ./src/lib/FastLED/FastLED.o
_ZN8CFastLED9clearDataEv                          ./src/lib/FastLED/FastLED.o
_ZN8CFastLED9setDitherEh                          ./src/lib/FastLED/FastLED.o
_ZN8CFastLED9showColorERK4CRGBh                   ./src/lib/FastLED/FastLED.o
_ZN8CFastLEDC1Ev                                  ./src/lib/FastLED/FastLED.o
_ZN8CFastLEDC2Ev                                  ./src/lib/FastLED/FastLED.o
_ZN8CFastLEDixEi                                  ./src/lib/FastLED/FastLED.o
_ZN9LEDMatrix14log_backgroundEhh                  ./src/lib/LEDMatrix/LEDMatrix.o
                                                  ./src/example.o
_ZN9LEDMatrix15draw_backgroundEv                  ./src/lib/LEDMatrix/LEDMatrix.o
                                                  ./src/example.o
_ZN9LEDMatrix16print_backgroundEv                 ./src/lib/LEDMatrix/LEDMatrix.o
_ZN9LEDMatrix4flipEv                              ./src/lib/LEDMatrix/LEDMatrix.o
                                                  ./src/example.o
                                                  ./src/lib/LEDMatrix/Animations.o
_ZN9LEDMatrix7set_allEhhh                         ./src/lib/LEDMatrix/LEDMatrix.o
                                                  ./src/lib/LEDMatrix/Animations.o
_ZN9LEDMatrix7set_ledEjjhhh                       ./src/lib/LEDMatrix/LEDMatrix.o
                                                  ./src/example.o
_ZN9LEDMatrix9map_snakeEjj                        ./src/lib/LEDMatrix/LEDMatrix.o
_ZN9LEDMatrixC1Ejjb                               ./src/lib/LEDMatrix/LEDMatrix.o
                                                  ./src/example.o
_ZN9LEDMatrixC1Ev                                 ./src/lib/LEDMatrix/LEDMatrix.o
                                                  ./src/example.o
_ZN9LEDMatrixC2Ejjb                               ./src/lib/LEDMatrix/LEDMatrix.o
_ZN9LEDMatrixC2Ev                                 ./src/lib/LEDMatrix/LEDMatrix.o
_ZN9LEDMatrixD0Ev                                 ./src/lib/LEDMatrix/LEDMatrix.o
_ZN9LEDMatrixD1Ev                                 ./src/lib/LEDMatrix/LEDMatrix.o
                                                  ./src/example.o
_ZN9LEDMatrixD2Ev                                 ./src/lib/LEDMatrix/LEDMatrix.o
_ZNK14CLEDController17getMaxRefreshRateEv         ./src/lib/LEDMatrix/LEDMatrix.o
_ZNK19ClocklessControllerILh10ELi4ELi10ELi6EL6EOrder66ELi0ELb0ELi10EE17getMaxRefreshRateEv ./src/lib/LEDMatrix/LEDMatrix.o
_ZTV13LiquidCrystal                               ./src/lib/LiquidCrystal.o
_ZTV14CLEDController                              ./src/lib/LEDMatrix/LEDMatrix.o
_ZTV14HardwareSerial                              HardwareSerial.cpp.o (symbol from plugin)
                                                  HardwareSerial0.cpp.o (symbol from plugin)
_ZTV3Pin                                          ./src/lib/FastLED/power_mgt.o
_ZTV5Print                                        Print.cpp.o (symbol from plugin)
                                                  HardwareSerial0.cpp.o (symbol from plugin)
_ZTV6Stream                                       HardwareSerial0.cpp.o (symbol from plugin)
_ZTV7WS2812BILh10EL6EOrder66EE                    ./src/lib/LEDMatrix/LEDMatrix.o
_ZTV9LEDMatrix                                    ./src/lib/LEDMatrix/LEDMatrix.o
_ZZN15PixelControllerIL6EOrder66ELi1ELm4294967295EE21init_binary_ditheringEvE1R ./src/lib/LEDMatrix/LEDMatrix.o
_ZZN8CFastLED7addLedsI7WS2812BLh10EL6EOrder66EEER14CLEDControllerP4CRGBiiE1c ./src/lib/LEDMatrix/LEDMatrix.o
_ZdaPv                                            new.cpp.o (symbol from plugin)
_ZdlPv                                            C:\Users\Felix\AppData\Local\Temp\ccqF07qw.ltrans0.ltrans.o
                                                  new.cpp.o (symbol from plugin)
                                                  ./src/lib/LEDMatrix/LEDMatrix.o
_Znaj                                             new.cpp.o (symbol from plugin)
_Znwj                                             new.cpp.o (symbol from plugin)
__FUSE_REGION_LENGTH__                            c:/arduino/hardware/tools/avr/bin/../lib/gcc/avr/4.9.2/../../../../avr/lib/avr5/crtatmega328p.o
__addsf3                                          c:/arduino/hardware/tools/avr/bin/../lib/gcc/avr/4.9.2/../../../../avr/lib/avr5\libm.a(addsf3.o)
                                                  c:/arduino/hardware/tools/avr/bin/../lib/gcc/avr/4.9.2/../../../../avr/lib/avr5\libm.a(log.o)
                                                  ./src/lib/LEDMatrix/LEDMatrix.o
__addsf3x                                         c:/arduino/hardware/tools/avr/bin/../lib/gcc/avr/4.9.2/../../../../avr/lib/avr5\libm.a(addsf3x.o)
                                                  c:/arduino/hardware/tools/avr/bin/../lib/gcc/avr/4.9.2/../../../../avr/lib/avr5\libm.a(log.o)
                                                  c:/arduino/hardware/tools/avr/bin/../lib/gcc/avr/4.9.2/../../../../avr/lib/avr5\libm.a(fp_powser.o)
                                                  c:/arduino/hardware/tools/avr/bin/../lib/gcc/avr/4.9.2/../../../../avr/lib/avr5\libm.a(addsf3.o)
__bad_interrupt                                   c:/arduino/hardware/tools/avr/bin/../lib/gcc/avr/4.9.2/../../../../avr/lib/avr5/crtatmega328p.o
__brkval                                          c:/arduino/hardware/tools/avr/bin/../lib/gcc/avr/4.9.2/../../../../avr/lib/avr5\libc.a(malloc.o)
__bss_end                                         c:/arduino/hardware/tools/avr/bin/../lib/gcc/avr/4.9.2/avr5\libgcc.a(_clear_bss.o)
__bss_start                                       c:/arduino/hardware/tools/avr/bin/../lib/gcc/avr/4.9.2/avr5\libgcc.a(_clear_bss.o)
__ctors_end                                       c:/arduino/hardware/tools/avr/bin/../lib/gcc/avr/4.9.2/avr5\libgcc.a(_ctors.o)
__ctors_start                                     c:/arduino/hardware/tools/avr/bin/../lib/gcc/avr/4.9.2/avr5\libgcc.a(_ctors.o)
__cxa_deleted_virtual                             abi.cpp.o (symbol from plugin)
__cxa_pure_virtual                                C:\Users\Felix\AppData\Local\Temp\ccqF07qw.ltrans0.ltrans.o
                                                  abi.cpp.o (symbol from plugin)
                                                  Print.cpp.o (symbol from plugin)
                                                  HardwareSerial0.cpp.o (symbol from plugin)
                                                  ./src/lib/LEDMatrix/LEDMatrix.o
__data_end                                        c:/arduino/hardware/tools/avr/bin/../lib/gcc/avr/4.9.2/avr5\libgcc.a(_copy_data.o)
__data_load_start                                 c:/arduino/hardware/tools/avr/bin/../lib/gcc/avr/4.9.2/avr5\libgcc.a(_copy_data.o)
__data_start                                      c:/arduino/hardware/tools/avr/bin/../lib/gcc/avr/4.9.2/avr5\libgcc.a(_copy_data.o)
__divmodhi4                                       c:/arduino/hardware/tools/avr/bin/../lib/gcc/avr/4.9.2/avr5\libgcc.a(_divmodhi4.o)
                                                  ./src/example.o
                                                  ./src/lib/FastLED/colorutils.o
                                                  ./src/lib/LEDMatrix/LEDMatrix.o
__divmodsi4                                       c:/arduino/hardware/tools/avr/bin/../lib/gcc/avr/4.9.2/avr5\libgcc.a(_divmodsi4.o)
                                                  ./src/lib/FastLED/hsv2rgb.o
                                                  ./src/lib/FastLED/FastLED.o
__divsf3                                          c:/arduino/hardware/tools/avr/bin/../lib/gcc/avr/4.9.2/../../../../avr/lib/avr5\libm.a(divsf3.o)
                                                  c:/arduino/hardware/tools/avr/bin/../lib/gcc/avr/4.9.2/../../../../avr/lib/avr5\libm.a(inverse.o)
                                                  ./src/lib/FastLED/colorutils.o
                                                  ./src/lib/LEDMatrix/LEDMatrix.o
__divsf3_pse                                      c:/arduino/hardware/tools/avr/bin/../lib/gcc/avr/4.9.2/../../../../avr/lib/avr5\libm.a(divsf3x.o)
__divsf3x                                         c:/arduino/hardware/tools/avr/bin/../lib/gcc/avr/4.9.2/../../../../avr/lib/avr5\libm.a(divsf3x.o)
                                                  c:/arduino/hardware/tools/avr/bin/../lib/gcc/avr/4.9.2/../../../../avr/lib/avr5\libm.a(divsf3.o)
__do_clear_bss                                    c:/arduino/hardware/tools/avr/bin/../lib/gcc/avr/4.9.2/avr5\libgcc.a(_clear_bss.o)
                                                  C:\Users\Felix\AppData\Local\Temp\ccqF07qw.ltrans0.ltrans.o
                                                  c:/arduino/hardware/tools/avr/bin/../lib/gcc/avr/4.9.2/../../../../avr/lib/avr5\libc.a(malloc.o)
                                                  ./src/example.o
                                                  ./src/lib/FastLED/power_mgt.o
                                                  ./src/lib/FastLED/noise.o
                                                  ./src/lib/FastLED/FastLED.o
                                                  ./src/lib/LEDMatrix/LEDMatrix.o
__do_copy_data                                    c:/arduino/hardware/tools/avr/bin/../lib/gcc/avr/4.9.2/avr5\libgcc.a(_copy_data.o)
                                                  C:\Users\Felix\AppData\Local\Temp\ccqF07qw.ltrans0.ltrans.o
                                                  c:/arduino/hardware/tools/avr/bin/../lib/gcc/avr/4.9.2/../../../../avr/lib/avr5\libc.a(malloc.o)
                                                  ./src/example.o
                                                  ./src/lib/LiquidCrystal.o
                                                  ./src/lib/FastLED/power_mgt.o
                                                  ./src/lib/FastLED/noise.o
                                                  ./src/lib/FastLED/lib8tion.o
                                                  ./src/lib/LEDMatrix/LEDMatrix.o
__do_global_ctors                                 c:/arduino/hardware/tools/avr/bin/../lib/gcc/avr/4.9.2/avr5\libgcc.a(_ctors.o)
                                                  C:\Users\Felix\AppData\Local\Temp\ccqF07qw.ltrans0.ltrans.o
                                                  ./src/example.o
                                                  ./src/lib/FastLED/FastLED.o
__do_global_dtors                                 c:/arduino/hardware/tools/avr/bin/../lib/gcc/avr/4.9.2/avr5\libgcc.a(_dtors.o)
                                                  ./src/example.o
__dtors_end                                       c:/arduino/hardware/tools/avr/bin/../lib/gcc/avr/4.9.2/avr5\libgcc.a(_dtors.o)
__dtors_start                                     c:/arduino/hardware/tools/avr/bin/../lib/gcc/avr/4.9.2/avr5\libgcc.a(_dtors.o)
__fixunssfsi                                      c:/arduino/hardware/tools/avr/bin/../lib/gcc/avr/4.9.2/../../../../avr/lib/avr5\libm.a(fixunssfsi.o)
                                                  ./src/lib/FastLED/colorutils.o
                                                  ./src/lib/LEDMatrix/LEDMatrix.o
__floatsisf                                       c:/arduino/hardware/tools/avr/bin/../lib/gcc/avr/4.9.2/../../../../avr/lib/avr5\libm.a(floatsisf.o)
                                                  c:/arduino/hardware/tools/avr/bin/../lib/gcc/avr/4.9.2/../../../../avr/lib/avr5\libm.a(log.o)
                                                  ./src/lib/LEDMatrix/LEDMatrix.o
__floatunsisf                                     c:/arduino/hardware/tools/avr/bin/../lib/gcc/avr/4.9.2/../../../../avr/lib/avr5\libm.a(floatsisf.o)
                                                  ./src/lib/FastLED/colorutils.o
                                                  ./src/lib/LEDMatrix/LEDMatrix.o
__flp                                             c:/arduino/hardware/tools/avr/bin/../lib/gcc/avr/4.9.2/../../../../avr/lib/avr5\libc.a(malloc.o)
__fp_cmp                                          c:/arduino/hardware/tools/avr/bin/../lib/gcc/avr/4.9.2/../../../../avr/lib/avr5\libm.a(fp_cmp.o)
                                                  c:/arduino/hardware/tools/avr/bin/../lib/gcc/avr/4.9.2/../../../../avr/lib/avr5\libm.a(gesf2.o)
__fp_inf                                          c:/arduino/hardware/tools/avr/bin/../lib/gcc/avr/4.9.2/../../../../avr/lib/avr5\libm.a(fp_inf.o)
                                                  c:/arduino/hardware/tools/avr/bin/../lib/gcc/avr/4.9.2/../../../../avr/lib/avr5\libm.a(mulsf3x.o)
                                                  c:/arduino/hardware/tools/avr/bin/../lib/gcc/avr/4.9.2/../../../../avr/lib/avr5\libm.a(log.o)
                                                  c:/arduino/hardware/tools/avr/bin/../lib/gcc/avr/4.9.2/../../../../avr/lib/avr5\libm.a(ldexp.o)
                                                  c:/arduino/hardware/tools/avr/bin/../lib/gcc/avr/4.9.2/../../../../avr/lib/avr5\libm.a(exp.o)
                                                  c:/arduino/hardware/tools/avr/bin/../lib/gcc/avr/4.9.2/../../../../avr/lib/avr5\libm.a(divsf3x.o)
                                                  c:/arduino/hardware/tools/avr/bin/../lib/gcc/avr/4.9.2/../../../../avr/lib/avr5\libm.a(addsf3x.o)
__fp_mpack                                        c:/arduino/hardware/tools/avr/bin/../lib/gcc/avr/4.9.2/../../../../avr/lib/avr5\libm.a(fp_mpack.o)
                                                  c:/arduino/hardware/tools/avr/bin/../lib/gcc/avr/4.9.2/../../../../avr/lib/avr5\libm.a(log.o)
                                                  c:/arduino/hardware/tools/avr/bin/../lib/gcc/avr/4.9.2/../../../../avr/lib/avr5\libm.a(ldexp.o)
__fp_mpack_finite                                 c:/arduino/hardware/tools/avr/bin/../lib/gcc/avr/4.9.2/../../../../avr/lib/avr5\libm.a(fp_mpack.o)
__fp_nan                                          c:/arduino/hardware/tools/avr/bin/../lib/gcc/avr/4.9.2/../../../../avr/lib/avr5\libm.a(fp_nan.o)
                                                  c:/arduino/hardware/tools/avr/bin/../lib/gcc/avr/4.9.2/../../../../avr/lib/avr5\libm.a(pow.o)
                                                  c:/arduino/hardware/tools/avr/bin/../lib/gcc/avr/4.9.2/../../../../avr/lib/avr5\libm.a(mulsf3x.o)
                                                  c:/arduino/hardware/tools/avr/bin/../lib/gcc/avr/4.9.2/../../../../avr/lib/avr5\libm.a(log.o)
                                                  c:/arduino/hardware/tools/avr/bin/../lib/gcc/avr/4.9.2/../../../../avr/lib/avr5\libm.a(exp.o)
                                                  c:/arduino/hardware/tools/avr/bin/../lib/gcc/avr/4.9.2/../../../../avr/lib/avr5\libm.a(divsf3x.o)
                                                  c:/arduino/hardware/tools/avr/bin/../lib/gcc/avr/4.9.2/../../../../avr/lib/avr5\libm.a(addsf3x.o)
__fp_powser                                       c:/arduino/hardware/tools/avr/bin/../lib/gcc/avr/4.9.2/../../../../avr/lib/avr5\libm.a(fp_powser.o)
                                                  c:/arduino/hardware/tools/avr/bin/../lib/gcc/avr/4.9.2/../../../../avr/lib/avr5\libm.a(log.o)
                                                  c:/arduino/hardware/tools/avr/bin/../lib/gcc/avr/4.9.2/../../../../avr/lib/avr5\libm.a(exp.o)
__fp_pscA                                         c:/arduino/hardware/tools/avr/bin/../lib/gcc/avr/4.9.2/../../../../avr/lib/avr5\libm.a(fp_pscA.o)
                                                  c:/arduino/hardware/tools/avr/bin/../lib/gcc/avr/4.9.2/../../../../avr/lib/avr5\libm.a(mulsf3x.o)
                                                  c:/arduino/hardware/tools/avr/bin/../lib/gcc/avr/4.9.2/../../../../avr/lib/avr5\libm.a(divsf3x.o)
                                                  c:/arduino/hardware/tools/avr/bin/../lib/gcc/avr/4.9.2/../../../../avr/lib/avr5\libm.a(addsf3x.o)
__fp_pscB                                         c:/arduino/hardware/tools/avr/bin/../lib/gcc/avr/4.9.2/../../../../avr/lib/avr5\libm.a(fp_pscB.o)
                                                  c:/arduino/hardware/tools/avr/bin/../lib/gcc/avr/4.9.2/../../../../avr/lib/avr5\libm.a(mulsf3x.o)
                                                  c:/arduino/hardware/tools/avr/bin/../lib/gcc/avr/4.9.2/../../../../avr/lib/avr5\libm.a(divsf3x.o)
                                                  c:/arduino/hardware/tools/avr/bin/../lib/gcc/avr/4.9.2/../../../../avr/lib/avr5\libm.a(addsf3x.o)
__fp_round                                        c:/arduino/hardware/tools/avr/bin/../lib/gcc/avr/4.9.2/../../../../avr/lib/avr5\libm.a(fp_round.o)
                                                  c:/arduino/hardware/tools/avr/bin/../lib/gcc/avr/4.9.2/../../../../avr/lib/avr5\libm.a(mulsf3.o)
                                                  c:/arduino/hardware/tools/avr/bin/../lib/gcc/avr/4.9.2/../../../../avr/lib/avr5\libm.a(log.o)
                                                  c:/arduino/hardware/tools/avr/bin/../lib/gcc/avr/4.9.2/../../../../avr/lib/avr5\libm.a(divsf3.o)
                                                  c:/arduino/hardware/tools/avr/bin/../lib/gcc/avr/4.9.2/../../../../avr/lib/avr5\libm.a(addsf3.o)
__fp_split3                                       c:/arduino/hardware/tools/avr/bin/../lib/gcc/avr/4.9.2/../../../../avr/lib/avr5\libm.a(fp_split3.o)
                                                  c:/arduino/hardware/tools/avr/bin/../lib/gcc/avr/4.9.2/../../../../avr/lib/avr5\libm.a(mulsf3x.o)
                                                  c:/arduino/hardware/tools/avr/bin/../lib/gcc/avr/4.9.2/../../../../avr/lib/avr5\libm.a(divsf3x.o)
                                                  c:/arduino/hardware/tools/avr/bin/../lib/gcc/avr/4.9.2/../../../../avr/lib/avr5\libm.a(addsf3x.o)
__fp_splitA                                       c:/arduino/hardware/tools/avr/bin/../lib/gcc/avr/4.9.2/../../../../avr/lib/avr5\libm.a(fp_split3.o)
                                                  c:/arduino/hardware/tools/avr/bin/../lib/gcc/avr/4.9.2/../../../../avr/lib/avr5\libm.a(log.o)
                                                  c:/arduino/hardware/tools/avr/bin/../lib/gcc/avr/4.9.2/../../../../avr/lib/avr5\libm.a(ldexp.o)
                                                  c:/arduino/hardware/tools/avr/bin/../lib/gcc/avr/4.9.2/../../../../avr/lib/avr5\libm.a(fixunssfsi.o)
                                                  c:/arduino/hardware/tools/avr/bin/../lib/gcc/avr/4.9.2/../../../../avr/lib/avr5\libm.a(exp.o)
__fp_szero                                        c:/arduino/hardware/tools/avr/bin/../lib/gcc/avr/4.9.2/../../../../avr/lib/avr5\libm.a(fp_zero.o)
                                                  c:/arduino/hardware/tools/avr/bin/../lib/gcc/avr/4.9.2/../../../../avr/lib/avr5\libm.a(mulsf3x.o)
                                                  c:/arduino/hardware/tools/avr/bin/../lib/gcc/avr/4.9.2/../../../../avr/lib/avr5\libm.a(ldexp.o)
                                                  c:/arduino/hardware/tools/avr/bin/../lib/gcc/avr/4.9.2/../../../../avr/lib/avr5\libm.a(divsf3x.o)
__fp_zero                                         c:/arduino/hardware/tools/avr/bin/../lib/gcc/avr/4.9.2/../../../../avr/lib/avr5\libm.a(fp_zero.o)
                                                  c:/arduino/hardware/tools/avr/bin/../lib/gcc/avr/4.9.2/../../../../avr/lib/avr5\libm.a(fixunssfsi.o)
                                                  c:/arduino/hardware/tools/avr/bin/../lib/gcc/avr/4.9.2/../../../../avr/lib/avr5\libm.a(exp.o)
                                                  c:/arduino/hardware/tools/avr/bin/../lib/gcc/avr/4.9.2/../../../../avr/lib/avr5\libm.a(addsf3x.o)
__gesf2                                           c:/arduino/hardware/tools/avr/bin/../lib/gcc/avr/4.9.2/../../../../avr/lib/avr5\libm.a(gesf2.o)
__gtsf2                                           c:/arduino/hardware/tools/avr/bin/../lib/gcc/avr/4.9.2/../../../../avr/lib/avr5\libm.a(gesf2.o)
                                                  ./src/lib/LEDMatrix/LEDMatrix.o
__heap_end                                        c:/arduino/hardware/tools/avr/bin/../lib/gcc/avr/4.9.2/../../../../avr/lib/avr5/crtatmega328p.o
                                                  c:/arduino/hardware/tools/avr/bin/../lib/gcc/avr/4.9.2/../../../../avr/lib/avr5\libc.a(malloc.o)
__heap_start                                      c:/arduino/hardware/tools/avr/bin/../lib/gcc/avr/4.9.2/../../../../avr/lib/avr5\libc.a(malloc.o)
__init                                            c:/arduino/hardware/tools/avr/bin/../lib/gcc/avr/4.9.2/../../../../avr/lib/avr5/crtatmega328p.o
__malloc_heap_end                                 c:/arduino/hardware/tools/avr/bin/../lib/gcc/avr/4.9.2/../../../../avr/lib/avr5\libc.a(malloc.o)
__malloc_heap_start                               c:/arduino/hardware/tools/avr/bin/../lib/gcc/avr/4.9.2/../../../../avr/lib/avr5\libc.a(malloc.o)
__malloc_margin                                   c:/arduino/hardware/tools/avr/bin/../lib/gcc/avr/4.9.2/../../../../avr/lib/avr5\libc.a(malloc.o)
__mulsf3                                          c:/arduino/hardware/tools/avr/bin/../lib/gcc/avr/4.9.2/../../../../avr/lib/avr5\libm.a(mulsf3.o)
                                                  c:/arduino/hardware/tools/avr/bin/../lib/gcc/avr/4.9.2/../../../../avr/lib/avr5\libm.a(pow.o)
                                                  ./src/lib/FastLED/colorutils.o
                                                  ./src/lib/LEDMatrix/LEDMatrix.o
__mulsf3_pse                                      c:/arduino/hardware/tools/avr/bin/../lib/gcc/avr/4.9.2/../../../../avr/lib/avr5\libm.a(mulsf3x.o)
                                                  c:/arduino/hardware/tools/avr/bin/../lib/gcc/avr/4.9.2/../../../../avr/lib/avr5\libm.a(exp.o)
__mulsf3x                                         c:/arduino/hardware/tools/avr/bin/../lib/gcc/avr/4.9.2/../../../../avr/lib/avr5\libm.a(mulsf3x.o)
                                                  c:/arduino/hardware/tools/avr/bin/../lib/gcc/avr/4.9.2/../../../../avr/lib/avr5\libm.a(mulsf3.o)
                                                  c:/arduino/hardware/tools/avr/bin/../lib/gcc/avr/4.9.2/../../../../avr/lib/avr5\libm.a(log.o)
                                                  c:/arduino/hardware/tools/avr/bin/../lib/gcc/avr/4.9.2/../../../../avr/lib/avr5\libm.a(fp_powser.o)
__mulsi3                                          c:/arduino/hardware/tools/avr/bin/../lib/gcc/avr/4.9.2/avr5\libgcc.a(_mulsi3.o)
                                                  ./src/lib/FastLED/power_mgt.o
                                                  ./src/lib/FastLED/noise.o
                                                  ./src/lib/FastLED/FastLED.o
__muluhisi3                                       c:/arduino/hardware/tools/avr/bin/../lib/gcc/avr/4.9.2/avr5\libgcc.a(_muluhisi3.o)
                                                  c:/arduino/hardware/tools/avr/bin/../lib/gcc/avr/4.9.2/avr5\libgcc.a(_mulsi3.o)
                                                  ./src/lib/FastLED/power_mgt.o
                                                  ./src/lib/FastLED/noise.o
                                                  ./src/lib/FastLED/hsv2rgb.o
__negsi2                                          c:/arduino/hardware/tools/avr/bin/../lib/gcc/avr/4.9.2/avr5\libgcc.a(_negsi2.o)
                                                  c:/arduino/hardware/tools/avr/bin/../lib/gcc/avr/4.9.2/avr5\libgcc.a(_divmodsi4.o)
__stack                                           c:/arduino/hardware/tools/avr/bin/../lib/gcc/avr/4.9.2/../../../../avr/lib/avr5/crtatmega328p.o
__subsf3                                          c:/arduino/hardware/tools/avr/bin/../lib/gcc/avr/4.9.2/../../../../avr/lib/avr5\libm.a(addsf3.o)
                                                  c:/arduino/hardware/tools/avr/bin/../lib/gcc/avr/4.9.2/../../../../avr/lib/avr5\libm.a(modf.o)
                                                  ./src/lib/LEDMatrix/LEDMatrix.o
__tablejump2__                                    c:/arduino/hardware/tools/avr/bin/../lib/gcc/avr/4.9.2/avr5\libgcc.a(_tablejump2.o)
                                                  c:/arduino/hardware/tools/avr/bin/../lib/gcc/avr/4.9.2/avr5\libgcc.a(_dtors.o)
                                                  c:/arduino/hardware/tools/avr/bin/../lib/gcc/avr/4.9.2/avr5\libgcc.a(_ctors.o)
__udivmodhi4                                      c:/arduino/hardware/tools/avr/bin/../lib/gcc/avr/4.9.2/avr5\libgcc.a(_udivmodhi4.o)
                                                  c:/arduino/hardware/tools/avr/bin/../lib/gcc/avr/4.9.2/avr5\libgcc.a(_divmodhi4.o)
                                                  ./src/lib/FastLED/colorutils.o
__udivmodsi4                                      c:/arduino/hardware/tools/avr/bin/../lib/gcc/avr/4.9.2/avr5\libgcc.a(_udivmodsi4.o)
                                                  C:\Users\Felix\AppData\Local\Temp\ccqF07qw.ltrans0.ltrans.o
                                                  c:/arduino/hardware/tools/avr/bin/../lib/gcc/avr/4.9.2/avr5\libgcc.a(_divmodsi4.o)
                                                  ./src/lib/FastLED/power_mgt.o
                                                  ./src/lib/FastLED/FastLED.o
__umulhisi3                                       c:/arduino/hardware/tools/avr/bin/../lib/gcc/avr/4.9.2/avr5\libgcc.a(_umulhisi3.o)
                                                  c:/arduino/hardware/tools/avr/bin/../lib/gcc/avr/4.9.2/avr5\libgcc.a(_muluhisi3.o)
                                                  c:/arduino/hardware/tools/avr/bin/../lib/gcc/avr/4.9.2/avr5\libgcc.a(_usmulhisi3.o)
__usmulhisi3                                      c:/arduino/hardware/tools/avr/bin/../lib/gcc/avr/4.9.2/avr5\libgcc.a(_usmulhisi3.o)
                                                  ./src/lib/LEDMatrix/LEDMatrix.o
__usmulhisi3_tail                                 c:/arduino/hardware/tools/avr/bin/../lib/gcc/avr/4.9.2/avr5\libgcc.a(_usmulhisi3.o)
__vector_1                                        c:/arduino/hardware/tools/avr/bin/../lib/gcc/avr/4.9.2/../../../../avr/lib/avr5/crtatmega328p.o
__vector_10                                       c:/arduino/hardware/tools/avr/bin/../lib/gcc/avr/4.9.2/../../../../avr/lib/avr5/crtatmega328p.o
__vector_11                                       c:/arduino/hardware/tools/avr/bin/../lib/gcc/avr/4.9.2/../../../../avr/lib/avr5/crtatmega328p.o